###############################################################################
#
# IAR ELF Linker V9.50.2.385/W64 for ARM                  18/Nov/2024  15:11:14
# Copyright 2007-2024 IAR Systems AB.
#
#    Output file  =  build/GN_Project_G031.elf
#    Map file     =  build/GN_Project_G031.map
#    Command line =
#        build/main.o build/stm32g0xx_ll_utils.o build/stm32g0xx_ll_exti.o
#        build/stm32g0xx_ll_gpio.o build/stm32g0xx_ll_tim.o
#        build/stm32g0xx_ll_spi.o build/stm32g0xx_ll_rcc.o
#        build/system_stm32g0xx.o build/stm32g0xx_hal.o
#        build/stm32g0xx_hal_cortex.o build/startup_stm32g031xx.o
#        C:/dev/libs/utilities/utilities-0.0.1/lib/utilities-0.0.1.a
#        C:/dev/libs/breaker_core/breaker_core-1.1.1/lib/breaker_core-1.1.1.a
#        --redirect _//printf=_//printfFull --redirect _Scanf=_ScanfFull
#        --no_out_extension --semihosting --entry __iar_program_start --vfe
#        --text_out locale --place_holder __build_checksum,4,.checksum,16
#        --keep=__build_checksum --place_holder __version,8,.version,16
#        --keep=__version --config src/sys/stm32g031xx_flash.icf -o
#        build/GN_Project_G031.elf --map build/GN_Project_G031.map
#
###############################################################################

*******************************************************************************
*** RUNTIME MODEL ATTRIBUTES
***

CppFlavor       = *
__CPP_Runtime   = 1
__SystemLibrary = DLib
__dlib_version  = 6


*******************************************************************************
*** HEAP SELECTION
***

The basic heap was selected because --advanced_heap
was not specified and the application did not appear to
be primarily optimized for speed.


*******************************************************************************
*** PLACEMENT SUMMARY
***

"A0":  place at address 0x800'0000 { ro section .intvec };
"P1":  place in [from 0x800'0000 to 0x800'ffff] { ro };
define block CSTACK with size = 1K, alignment = 8 { };
define block HEAP with size = 512, alignment = 8 { };
"P2":  place in [from 0x2000'0000 to 0x2000'1fff] {
          rw, block CSTACK, block HEAP };
initialize by copy { rw };

  Section            Kind         Address  Aligment    Size  Object
  -------            ----         -------  --------    ----  ------
"A0":                                                  0xc0
  .intvec            ro code   0x800'0000         4    0xc0  startup_stm32g031xx.o [1]
                             - 0x800'00c0              0xc0

"P1":                                                0x1658
  .text              ro code   0x800'00c0         4   0xa90  main.o [1]
  .text              ro code   0x800'0b50         4    0x60  stm32g0xx_ll_utils.o [1]
  .text              ro code   0x800'0bb0         4    0x4e  ABImemset.o [3]
  .text              ro code   0x800'0bfe         2     0x2  startup_stm32g031xx.o [1]
  .text              ro code   0x800'0c00         4   0x138  stm32g0xx_ll_gpio.o [1]
  .text              ro code   0x800'0d38         4   0x4ac  stm32g0xx_ll_tim.o [1]
  .text              ro code   0x800'11e4         4    0x8c  stm32g0xx_ll_spi.o [1]
  .text              ro code   0x800'1270         4   0x104  stm32g0xx_ll_exti.o [1]
  .text              ro code   0x800'1374         4    0x2c  stm32g0xx_hal.o [1]
  .text              ro code   0x800'13a0         2    0xae  I32DivModFast.o [3]
  .text              ro code   0x800'144e         2     0x2  startup_stm32g031xx.o [1]
  .text              ro code   0x800'1450         4    0x5c  stm32g0xx_hal.o [1]
  .text              ro code   0x800'14ac         2     0x2  stm32g0xx_hal.o [1]
  .text              ro code   0x800'14ae         2     0x2  startup_stm32g031xx.o [1]
  .text              ro code   0x800'14b0         4     0x2  IntDivZer.o [3]
  .text              ro code   0x800'14b2         2     0x2  startup_stm32g031xx.o [1]
  .text              ro code   0x800'14b4         4    0xe0  stm32g0xx_hal_cortex.o [1]
  .text              ro code   0x800'1594         2    0x30  copy_init3.o [3]
  .text              ro code   0x800'15c4         4    0x2a  data_init.o [3]
  .iar.init_table    const     0x800'15f0         4    0x14  - Linker created -
  .text              ro code   0x800'1604         2     0x2  startup_stm32g031xx.o [1]
  .text              ro code   0x800'1608         4    0x1e  cmain.o [3]
  .text              ro code   0x800'1626         2     0x4  low_level_init.o [2]
  .text              ro code   0x800'162a         2     0x8  exit.o [2]
  .text              ro code   0x800'1632         2     0x2  startup_stm32g031xx.o [1]
  .text              ro code   0x800'1634         4     0xa  cexit.o [3]
  .text              ro code   0x800'163e         2     0x2  startup_stm32g031xx.o [1]
  .text              ro code   0x800'1640         4    0x14  exit.o [4]
  .text              ro code   0x800'1654         4    0x1c  cstartup_M.o [3]
  .text              ro code   0x800'1670         4    0x10  system_stm32g0xx.o [1]
  .text              ro code   0x800'1680         4    0x10  startup_stm32g031xx.o [1]
  .rodata            const     0x800'1690         4     0xc  main.o [1]
  .rodata            const     0x800'169c         4     0xc  main.o [1]
  .rodata            const     0x800'16a8         4     0xc  main.o [1]
  .rodata            const     0x800'16b4         4     0xc  main.o [1]
  Initializer bytes  const     0x800'16c0         4     0xc  <for P2-1>
  .version           const     0x800'16d0        16     0x8  Place holder __version
  .checksum          const     0x800'16e0        16     0x4  Place holder __build_checksum
  .text              ro code   0x800'16e4         2     0x2  startup_stm32g031xx.o [1]
  .text              ro code   0x800'16e6         2     0x2  startup_stm32g031xx.o [1]
  .text              ro code   0x800'16e8         2     0x2  startup_stm32g031xx.o [1]
  .text              ro code   0x800'16ea         2     0x2  startup_stm32g031xx.o [1]
  .text              ro code   0x800'16ec         2     0x2  startup_stm32g031xx.o [1]
  .text              ro code   0x800'16ee         2     0x2  startup_stm32g031xx.o [1]
  .text              ro code   0x800'16f0         2     0x2  startup_stm32g031xx.o [1]
  .text              ro code   0x800'16f2         2     0x2  startup_stm32g031xx.o [1]
  .text              ro code   0x800'16f4         2     0x2  startup_stm32g031xx.o [1]
  .text              ro code   0x800'16f6         2     0x2  startup_stm32g031xx.o [1]
  .text              ro code   0x800'16f8         2     0x2  startup_stm32g031xx.o [1]
  .text              ro code   0x800'16fa         2     0x2  startup_stm32g031xx.o [1]
  .text              ro code   0x800'16fc         2     0x2  startup_stm32g031xx.o [1]
  .text              ro code   0x800'16fe         2     0x2  startup_stm32g031xx.o [1]
  .text              ro code   0x800'1700         2     0x2  startup_stm32g031xx.o [1]
  .text              ro code   0x800'1702         2     0x2  startup_stm32g031xx.o [1]
  .text              ro code   0x800'1704         2     0x2  startup_stm32g031xx.o [1]
  .text              ro code   0x800'1706         2     0x2  startup_stm32g031xx.o [1]
  .text              ro code   0x800'1708         2     0x2  startup_stm32g031xx.o [1]
  .text              ro code   0x800'170a         2     0x2  startup_stm32g031xx.o [1]
  .text              ro code   0x800'170c         2     0x2  startup_stm32g031xx.o [1]
  .text              ro code   0x800'170e         2     0x2  startup_stm32g031xx.o [1]
  .text              ro code   0x800'1710         2     0x2  startup_stm32g031xx.o [1]
  .text              ro code   0x800'1712         2     0x2  startup_stm32g031xx.o [1]
  .text              ro code   0x800'1714         2     0x2  startup_stm32g031xx.o [1]
  .text              ro code   0x800'1716         2     0x2  startup_stm32g031xx.o [1]
  .rodata            const     0x800'1718               0x0  copy_init3.o [3]
                             - 0x800'1718            0x1658

"P2", part 1 of 2:                                      0xc
  P2-1                        0x2000'0000         4     0xc  <Init block>
    .data            inited   0x2000'0000         4     0x4  system_stm32g0xx.o [1]
    .data            inited   0x2000'0004         4     0x4  stm32g0xx_hal.o [1]
    .data            inited   0x2000'0008         4     0x4  stm32g0xx_hal.o [1]
                            - 0x2000'000c               0xc

"P2", part 2 of 2:                                    0x400
  CSTACK                      0x2000'0010         8   0x400  <Block>
    CSTACK           uninit   0x2000'0010             0x400  <Block tail>
                            - 0x2000'0410             0x400

Unused ranges:

         From           To    Size
         ----           --    ----
   0x800'1718   0x800'ffff  0xe8e8
  0x2000'000c  0x2000'000f     0x4
  0x2000'0410  0x2000'1fff  0x1bf0


*******************************************************************************
*** INIT TABLE
***

          Address      Size
          -------      ----
Copy (__iar_copy_init3)
    1 source range, total size 0xc:
           0x800'16c0   0xc
    1 destination range, total size 0xc:
          0x2000'0000   0xc



*******************************************************************************
*** MODULE SUMMARY
***

    Module                         ro code  ro data  rw data
    ------                         -------  -------  -------
command line/config:
    Place holder __build_checksum                 4
    Place holder __version                        8
    --------------------------------------------------------
    Total:                                       12

C:\GN_Project_G031\build: [1]
    main.o                           2'704       48
    startup_stm32g031xx.o              274
    stm32g0xx_hal.o                    138        8        8
    stm32g0xx_hal_cortex.o             224
    stm32g0xx_ll_exti.o                260
    stm32g0xx_ll_gpio.o                312
    stm32g0xx_ll_spi.o                 140
    stm32g0xx_ll_tim.o               1'196
    stm32g0xx_ll_utils.o                96
    system_stm32g0xx.o                  16        4        4
    --------------------------------------------------------
    Total:                           5'360       60       12

dl6M_tln.a: [2]
    exit.o                               8
    low_level_init.o                     4
    --------------------------------------------------------
    Total:                              12

rt6M_tl.a: [3]
    ABImemset.o                         78
    I32DivModFast.o                    174
    IntDivZer.o                          2
    cexit.o                             10
    cmain.o                             30
    copy_init3.o                        48
    cstartup_M.o                        28
    data_init.o                         42
    --------------------------------------------------------
    Total:                             412

shb_l.a: [4]
    exit.o                              20
    --------------------------------------------------------
    Total:                              20

    Gaps                                 2       14
    Linker created                               20    1'024
------------------------------------------------------------
    Grand Total:                     5'806      106    1'036


*******************************************************************************
*** ENTRY LIST
***

Entry                       Address   Size  Type      Object
-----                       -------   ----  ----      ------
.iar.init_table$$Base    0x800'15f0          --   Gb  - Linker created -
.iar.init_table$$Limit   0x800'1604          --   Gb  - Linker created -
?main                    0x800'1609         Code  Gb  cmain.o [3]
ADC1_IRQHandler          0x800'16f7         Code  Wk  startup_stm32g031xx.o [1]
ADE9039_Init             0x800'0a41   0x5e  Code  Lc  main.o [1]
ADE9039_WriteReg         0x800'09e1   0x5c  Code  Lc  main.o [1]
CSTACK$$Base            0x2000'0010          --   Gb  - Linker created -
CSTACK$$Limit           0x2000'0410          --   Gb  - Linker created -
ConfigurePulseInput      0x800'0abd   0x4e  Code  Lc  main.o [1]
DMA1_Ch4_5_DMAMUX1_OVR_IRQHandler
                         0x800'16f5         Code  Wk  startup_stm32g031xx.o [1]
DMA1_Channel1_IRQHandler
                         0x800'16f1         Code  Wk  startup_stm32g031xx.o [1]
DMA1_Channel2_3_IRQHandler
                         0x800'16f3         Code  Wk  startup_stm32g031xx.o [1]
EXTI0_1_IRQHandler       0x800'16eb         Code  Wk  startup_stm32g031xx.o [1]
EXTI2_3_IRQHandler       0x800'16ed         Code  Wk  startup_stm32g031xx.o [1]
EXTI4_15_IRQHandler      0x800'16ef         Code  Wk  startup_stm32g031xx.o [1]
FLASH_IRQHandler         0x800'16e7         Code  Wk  startup_stm32g031xx.o [1]
HAL_Init                 0x800'1375   0x28  Code  Gb  stm32g0xx_hal.o [1]
HAL_InitTick             0x800'1451   0x5c  Code  Wk  stm32g0xx_hal.o [1]
HAL_MspInit              0x800'14ad    0x2  Code  Wk  stm32g0xx_hal.o [1]
HAL_NVIC_SetPriority     0x800'156f    0xa  Code  Gb  stm32g0xx_hal_cortex.o [1]
HAL_SYSTICK_Config       0x800'1579    0x8  Code  Gb  stm32g0xx_hal_cortex.o [1]
HardFault_Handler        0x800'144f         Code  Wk  startup_stm32g031xx.o [1]
I2C1_IRQHandler          0x800'170b         Code  Wk  startup_stm32g031xx.o [1]
I2C2_IRQHandler          0x800'170d         Code  Wk  startup_stm32g031xx.o [1]
LL_APB1_GRP1_EnableClock
                         0x800'0205   0x16  Code  Lc  main.o [1]
LL_APB2_GRP1_EnableClock
                         0x800'021b   0x16  Code  Lc  main.o [1]
LL_EXTI_DisableEvent_0_31
                         0x800'128f    0xa  Code  Lc  stm32g0xx_ll_exti.o [1]
LL_EXTI_DisableFallingTrig_0_31
                         0x800'12b7    0xa  Code  Lc  stm32g0xx_ll_exti.o [1]
LL_EXTI_DisableIT_0_31   0x800'127b    0xa  Code  Lc  stm32g0xx_ll_exti.o [1]
LL_EXTI_DisableRisingTrig_0_31
                         0x800'12a3    0xa  Code  Lc  stm32g0xx_ll_exti.o [1]
LL_EXTI_EnableEvent_0_31
                         0x800'1285    0xa  Code  Lc  stm32g0xx_ll_exti.o [1]
LL_EXTI_EnableFallingTrig_0_31
                         0x800'12ad    0xa  Code  Lc  stm32g0xx_ll_exti.o [1]
LL_EXTI_EnableIT_0_31    0x800'1271    0xa  Code  Lc  stm32g0xx_ll_exti.o [1]
LL_EXTI_EnableRisingTrig_0_31
                         0x800'1299    0xa  Code  Lc  stm32g0xx_ll_exti.o [1]
LL_EXTI_Init             0x800'12d1   0xa4  Code  Gb  stm32g0xx_ll_exti.o [1]
LL_FLASH_GetLatency      0x800'0255    0xa  Code  Lc  main.o [1]
LL_FLASH_SetLatency      0x800'0247    0xe  Code  Lc  main.o [1]
LL_GPIO_Init             0x800'0cb5   0x84  Code  Gb  stm32g0xx_ll_gpio.o [1]
LL_GPIO_ResetOutputPin   0x800'04e9    0x4  Code  Lc  main.o [1]
LL_GPIO_SetAFPin_0_7     0x800'0c61   0x24  Code  Lc  stm32g0xx_ll_gpio.o [1]
LL_GPIO_SetAFPin_8_15    0x800'0c85   0x30  Code  Lc  stm32g0xx_ll_gpio.o [1]
LL_GPIO_SetOutputPin     0x800'04e5    0x4  Code  Lc  main.o [1]
LL_GPIO_SetPinMode       0x800'0c01   0x1c  Code  Lc  stm32g0xx_ll_gpio.o [1]
LL_GPIO_SetPinOutputType
                         0x800'0c1d    0xc  Code  Lc  stm32g0xx_ll_gpio.o [1]
LL_GPIO_SetPinPull       0x800'0c45   0x1c  Code  Lc  stm32g0xx_ll_gpio.o [1]
LL_GPIO_SetPinSpeed      0x800'0c29   0x1c  Code  Lc  stm32g0xx_ll_gpio.o [1]
LL_IOP_GRP1_EnableClock
                         0x800'0231   0x16  Code  Lc  main.o [1]
LL_Init1msTick           0x800'0b6b    0xc  Code  Gb  stm32g0xx_ll_utils.o [1]
LL_InitTick              0x800'0b51   0x1a  Code  Lc  stm32g0xx_ll_utils.o [1]
LL_RCC_GetSysClkSource   0x800'018b    0xa  Code  Lc  main.o [1]
LL_RCC_HSI_Enable        0x800'0163    0xe  Code  Lc  main.o [1]
LL_RCC_HSI_IsReady       0x800'0171    0xc  Code  Lc  main.o [1]
LL_RCC_PLL_ConfigDomain_SYS
                         0x800'01dd   0x1a  Code  Lc  main.o [1]
LL_RCC_PLL_Enable        0x800'01c3    0xe  Code  Lc  main.o [1]
LL_RCC_PLL_EnableDomain_SYS
                         0x800'01f7    0xe  Code  Lc  main.o [1]
LL_RCC_PLL_IsReady       0x800'01d1    0xc  Code  Lc  main.o [1]
LL_RCC_SetAHBPrescaler   0x800'0195    0xe  Code  Lc  main.o [1]
LL_RCC_SetAPB1Prescaler
                         0x800'01a3    0xe  Code  Lc  main.o [1]
LL_RCC_SetSysClkSource   0x800'017d    0xe  Code  Lc  main.o [1]
LL_RCC_SetTIMClockSource
                         0x800'01b1   0x12  Code  Lc  main.o [1]
LL_SPI_Enable            0x800'04ed    0xa  Code  Lc  main.o [1]
LL_SPI_Init              0x800'11f5   0x6e  Code  Gb  stm32g0xx_ll_spi.o [1]
LL_SPI_IsActiveFlag_BSY
                         0x800'050d    0xa  Code  Lc  main.o [1]
LL_SPI_IsActiveFlag_TXE
                         0x800'0503    0xa  Code  Lc  main.o [1]
LL_SPI_IsEnabled         0x800'11e5    0xa  Code  Lc  stm32g0xx_ll_spi.o [1]
LL_SPI_SetCRCPolynomial
                         0x800'11ef    0x6  Code  Lc  stm32g0xx_ll_spi.o [1]
LL_SPI_SetStandard       0x800'04f7    0xc  Code  Lc  main.o [1]
LL_SPI_TransmitData8     0x800'0517    0x4  Code  Lc  main.o [1]
LL_SetSystemCoreClock    0x800'0b9b    0x6  Code  Gb  stm32g0xx_ll_utils.o [1]
LL_TIM_BDTR_Init         0x800'0e65   0x84  Code  Gb  stm32g0xx_ll_tim.o [1]
LL_TIM_CC_EnableChannel
                         0x800'0273    0x8  Code  Lc  main.o [1]
LL_TIM_DisableARRPreload
                         0x800'0269    0xa  Code  Lc  main.o [1]
LL_TIM_DisableDMAReq_TRIG
                         0x800'04cf    0xa  Code  Lc  main.o [1]
LL_TIM_DisableIT_TRIG    0x800'04c5    0xa  Code  Lc  main.o [1]
LL_TIM_DisableMasterSlaveMode
                         0x800'04b1    0xa  Code  Lc  main.o [1]
LL_TIM_EnableCounter     0x800'025f    0xa  Code  Lc  main.o [1]
LL_TIM_EnableIT_UPDATE   0x800'04bb    0xa  Code  Lc  main.o [1]
LL_TIM_GenerateEvent_UPDATE
                         0x800'0d5f    0xa  Code  Lc  stm32g0xx_ll_tim.o [1]
LL_TIM_IC_SetFilter      0x800'036d   0x80  Code  Lc  main.o [1]
LL_TIM_IC_SetPolarity    0x800'03fd   0x70  Code  Lc  main.o [1]
LL_TIM_Init              0x800'0d69   0x86  Code  Gb  stm32g0xx_ll_tim.o [1]
LL_TIM_OC_DisableFast    0x800'027b   0x74  Code  Lc  main.o [1]
LL_TIM_OC_EnablePreload
                         0x800'02ef   0x74  Code  Lc  main.o [1]
LL_TIM_OC_Init           0x800'0def   0x64  Code  Gb  stm32g0xx_ll_tim.o [1]
LL_TIM_OC_SetCompareCH1
                         0x800'0d45    0x4  Code  Lc  stm32g0xx_ll_tim.o [1]
LL_TIM_OC_SetCompareCH2
                         0x800'0d49    0x4  Code  Lc  stm32g0xx_ll_tim.o [1]
LL_TIM_OC_SetCompareCH3
                         0x800'0d4d    0x4  Code  Lc  stm32g0xx_ll_tim.o [1]
LL_TIM_OC_SetCompareCH4
                         0x800'0d51    0x4  Code  Lc  stm32g0xx_ll_tim.o [1]
LL_TIM_OC_SetCompareCH5
                         0x800'0d55    0x6  Code  Lc  stm32g0xx_ll_tim.o [1]
LL_TIM_OC_SetCompareCH6
                         0x800'0d5b    0x4  Code  Lc  stm32g0xx_ll_tim.o [1]
LL_TIM_SetAutoReload     0x800'0d3d    0x4  Code  Lc  stm32g0xx_ll_tim.o [1]
LL_TIM_SetClockSource    0x800'0475    0xc  Code  Lc  main.o [1]
LL_TIM_SetPrescaler      0x800'0d39    0x4  Code  Lc  stm32g0xx_ll_tim.o [1]
LL_TIM_SetRepetitionCounter
                         0x800'0d41    0x4  Code  Lc  stm32g0xx_ll_tim.o [1]
LL_TIM_SetTriggerInput   0x800'0499    0xc  Code  Lc  main.o [1]
LL_TIM_SetTriggerOutput
                         0x800'0481    0xc  Code  Lc  main.o [1]
LL_TIM_SetTriggerOutput2
                         0x800'048d    0xc  Code  Lc  main.o [1]
LL_mDelay                0x800'0b77   0x24  Code  Gb  stm32g0xx_ll_utils.o [1]
LPTIM1_IRQHandler        0x800'1701         Code  Wk  startup_stm32g031xx.o [1]
LPTIM2_IRQHandler        0x800'1703         Code  Wk  startup_stm32g031xx.o [1]
LPUART1_IRQHandler       0x800'1717         Code  Wk  startup_stm32g031xx.o [1]
MX_GPIO_Init             0x800'0589   0x74  Code  Lc  main.o [1]
MX_SPI1_Init             0x800'095d   0x7c  Code  Lc  main.o [1]
MX_TIM14_Init            0x800'06a9   0x9e  Code  Lc  main.o [1]
MX_TIM1_Init             0x800'0759  0x122  Code  Lc  main.o [1]
MX_TIM2_Init             0x800'0885   0xaa  Code  Lc  main.o [1]
MX_TIM3_Init             0x800'05fd   0xa8  Code  Lc  main.o [1]
NMI_Handler              0x800'0bff         Code  Wk  startup_stm32g031xx.o [1]
OC1Config                0x800'0ef5   0x78  Code  Lc  stm32g0xx_ll_tim.o [1]
OC2Config                0x800'0f6d   0x80  Code  Lc  stm32g0xx_ll_tim.o [1]
OC3Config                0x800'0fed   0x7c  Code  Lc  stm32g0xx_ll_tim.o [1]
OC4Config                0x800'1069   0x60  Code  Lc  stm32g0xx_ll_tim.o [1]
OC5Config                0x800'10d5   0x58  Code  Lc  stm32g0xx_ll_tim.o [1]
OC6Config                0x800'1151   0x5c  Code  Lc  stm32g0xx_ll_tim.o [1]
OFFSET_TAB_CCMRx         0x800'1690    0xc  Data  Lc  main.o [1]
PVD_IRQHandler           0x800'163f         Code  Wk  startup_stm32g031xx.o [1]
PendSV_Handler           0x800'14b3         Code  Wk  startup_stm32g031xx.o [1]
RCC_IRQHandler           0x800'16e9         Code  Wk  startup_stm32g031xx.o [1]
RTC_TAMP_IRQHandler      0x800'16e5         Code  Wk  startup_stm32g031xx.o [1]
Region$$Table$$Base      0x800'15f0          --   Gb  - Linker created -
Region$$Table$$Limit     0x800'1604          --   Gb  - Linker created -
Reset_Handler            0x800'1681         Code  Wk  startup_stm32g031xx.o [1]
SHIFT_TAB_CCxP           0x800'16b4    0xc  Data  Lc  main.o [1]
SHIFT_TAB_ICxx           0x800'16a8    0xc  Data  Lc  main.o [1]
SHIFT_TAB_OCxx           0x800'169c    0xc  Data  Lc  main.o [1]
SPI1_IRQHandler          0x800'170f         Code  Wk  startup_stm32g031xx.o [1]
SPI2_IRQHandler          0x800'1711         Code  Wk  startup_stm32g031xx.o [1]
SVC_Handler              0x800'14af         Code  Wk  startup_stm32g031xx.o [1]
SysTick_Config           0x800'153f   0x30  Code  Lc  stm32g0xx_hal_cortex.o [1]
SysTick_Handler          0x800'1605         Code  Wk  startup_stm32g031xx.o [1]
SystemClock_Config       0x800'051b   0x64  Code  Lc  main.o [1]
SystemCoreClock         0x2000'0000    0x4  Data  Gb  system_stm32g0xx.o [1]
SystemInit               0x800'1671    0xa  Code  Gb  system_stm32g0xx.o [1]
TIM14_IRQHandler         0x800'1705         Code  Wk  startup_stm32g031xx.o [1]
TIM16_IRQHandler         0x800'1707         Code  Wk  startup_stm32g031xx.o [1]
TIM17_IRQHandler         0x800'1709         Code  Wk  startup_stm32g031xx.o [1]
TIM1_BRK_UP_TRG_COM_IRQHandler
                         0x800'16f9         Code  Wk  startup_stm32g031xx.o [1]
TIM1_CC_IRQHandler       0x800'16fb         Code  Wk  startup_stm32g031xx.o [1]
TIM2_IRQHandler          0x800'16fd         Code  Wk  startup_stm32g031xx.o [1]
TIM3_IRQHandler          0x800'16ff         Code  Wk  startup_stm32g031xx.o [1]
USART1_IRQHandler        0x800'1713         Code  Wk  startup_stm32g031xx.o [1]
USART2_IRQHandler        0x800'1715         Code  Wk  startup_stm32g031xx.o [1]
WWDG_IRQHandler          0x800'1633         Code  Wk  startup_stm32g031xx.o [1]
__ICFEDIT_region_RAM_end__ {Abs}
                        0x2000'1fff         Data  Gb  <internal module>
__ICFEDIT_region_RAM_start__ {Abs}
                        0x2000'0000         Data  Gb  <internal module>
__NVIC_EnableIRQ         0x800'00c1   0x18  Code  Lc  main.o [1]
__NVIC_SetPriority       0x800'00d9   0x8a  Code  Lc  main.o [1]
__NVIC_SetPriority       0x800'14b5   0x8a  Code  Lc  stm32g0xx_hal_cortex.o [1]
__aeabi_idiv0            0x800'14b1         Code  Gb  IntDivZer.o [3]
__aeabi_memset           0x800'0bb1         Code  Gb  ABImemset.o [3]
__aeabi_uidiv            0x800'13a1         Code  Gb  I32DivModFast.o [3]
__aeabi_uidivmod         0x800'13a1         Code  Gb  I32DivModFast.o [3]
__build_checksum         0x800'16e0    0x4  Data  Gb  Place holder __build_checksum
__cmain                  0x800'1609         Code  Gb  cmain.o [3]
__exit                   0x800'1641   0x14  Code  Gb  exit.o [4]
__iar_Memset4_word       0x800'0bd1         Code  Gb  ABImemset.o [3]
__iar_Memset_word        0x800'0bbd         Code  Gb  ABImemset.o [3]
__iar_copy_init3         0x800'1595   0x30  Code  Gb  copy_init3.o [3]
__iar_data_init3         0x800'15c5   0x18  Code  Gb  data_init.o [3]
__iar_program_start      0x800'1655         Code  Gb  cstartup_M.o [3]
__low_level_init         0x800'1627    0x4  Code  Gb  low_level_init.o [2]
__vector_table           0x800'0000         Data  Gb  startup_stm32g031xx.o [1]
__version                0x800'16d0    0x8  Data  Gb  Place holder __version
_call_main               0x800'1615         Code  Gb  cmain.o [3]
_exit                    0x800'1635         Code  Gb  cexit.o [3]
exit                     0x800'162b    0x8  Code  Gb  exit.o [2]
main                     0x800'0b0b   0x46  Code  Gb  main.o [1]
startTIM14               0x800'092f    0xc  Code  Lc  main.o [1]
startTIM2                0x800'093b    0xe  Code  Lc  main.o [1]
startTIM3                0x800'0949    0xc  Code  Lc  main.o [1]
uwTickFreq              0x2000'0008    0x4  Data  Gb  stm32g0xx_hal.o [1]
uwTickPrio              0x2000'0004    0x4  Data  Gb  stm32g0xx_hal.o [1]


[1] = C:\GN_Project_G031\build
[2] = dl6M_tln.a
[3] = rt6M_tl.a
[4] = shb_l.a

  5'806 bytes of readonly  code memory
    106 bytes of readonly  data memory
  1'036 bytes of readwrite data memory

Errors: none
Warnings: none
