###############################################################################
#
# IAR ELF Linker V8.40.1.212/W32 for ARM                  04/Nov/2024  07:49:53
# Copyright 2007-2019 IAR Systems AB.
#
#    Output file  =  build/GN_Project_Test.elf
#    Map file     =  build/GN_Project_Test.map
#    Command line =
#        build/main.o build/adc.o build/iwdg.o build/gpio.o build/timer.o
#        build/sys.o build/btn.o build/trip.o build/micro_test.o build/flash.o
#        build/led.o build/trip_log.o build/self_test.o build/shunt_cal.o
#        build/secondary_solenoid.o build/open_fdbk.o build/usart.o
#        build/primary_switch.o build/power_loss_detection.o
#        build/temperature_control.o build/stm32g0xx_ll_utils.o
#        build/stm32g0xx_ll_exti.o build/stm32g0xx_ll_gpio.o
#        build/stm32g0xx_ll_adc.o build/stm32g0xx_ll_dma.o
#        build/stm32g0xx_ll_rcc.o build/stm32g0xx_ll_pwr.o
#        build/stm32g0xx_ll_tim.o build/stm32g0xx_ll_usart.o
#        build/stm32g0xx_ll_spi.o build/system_stm32g0xx.o
#        build/hardware_init.o build/stm32g0xx_it.o build/hf_sense.o
#        build/interrupt_check.o build/sequence_number_check.o
#        build/data_overrun_check.o build/line_current_bias_check.o
#        build/ground_fault_bias_check.o build/ptt.o build/auto_monitor.o
#        build/dataAcq.o build/acqTrigger.o build/stm32g0xx_hal.o
#        build/stm32g0xx_hal_cortex.o build/startup_stm32g071xx.o
#        build/continuous_cpu_check.o
#        C:/dev/libs/utilities/utilities-0.0.1/lib/utilities-0.0.1.a
#        C:/dev/libs/breaker_core/breaker_core-1.1.1/lib/breaker_core-1.1.1.a
#        --redirect _//printf=_//printfFull --redirect _Scanf=_ScanfFull
#        --no_out_extension --semihosting --entry __iar_program_start --vfe
#        --text_out locale --place_holder __build_checksum,4,.checksum,16
#        --keep=__build_checksum --place_holder __version,8,.version,16
#        --keep=__version --config src/sys/stm32g071xx_flash.icf -o
#        build/GN_Project_Test.elf --map build/GN_Project_Test.map
#
###############################################################################

*******************************************************************************
*** RUNTIME MODEL ATTRIBUTES
***

CppFlavor       = *
__Heap_Handler  = Basic
__SystemLibrary = DLib
__dlib_version  = 6


*******************************************************************************
*** HEAP SELECTION
***

The basic heap was selected because some modules are built with
size limitations (and not runtime checking), and --advanced_heap
was not specified.


*******************************************************************************
*** PLACEMENT SUMMARY
***

"A0":  place at address 0x800'0000 { ro section .intvec };
define block CHECKSUM { section .checksum };
define block VERSION { section .version };
define block code_block
   with fixed order, maximum size = 98116 { ro, block CHECKSUM, block VERSION };
"A1":  place at address 0x800'00bc { block code_block };
define block CSTACK with size = 1K, alignment = 8 { };
define block HEAP with size = 512, alignment = 8 { };
"P1":  place in [from 0x2000'0000 to 0x2000'8fff] {
          rw, block CSTACK, block HEAP };
initialize by copy { rw };

  Section              Kind         Address    Size  Object
  -------              ----         -------    ----  ------
"A0":                                          0xbc
  .intvec              ro code   0x800'0000    0xbc  startup_stm32g071xx.o [1]
                               - 0x800'00bc    0xbc

"A1":                                        0x4d4c
  code_block                     0x800'00bc  0x4d4c  <Block>
    .rodata            const     0x800'00bc     0xc  main.o [1]
    .rodata            const     0x800'00c8     0xc  main.o [1]
    .rodata            const     0x800'00d4     0xc  main.o [1]
    .rodata            const     0x800'00e0     0xc  main.o [1]
    .rodata            const     0x800'00ec     0xc  main.o [1]
    .rodata            const     0x800'00f8     0xc  main.o [1]
    .rodata            const     0x800'0104     0x4  micro_test.o [1]
    .rodata            const     0x800'0108     0x4  micro_test.o [1]
    .rodata            const     0x800'010c     0x4  trip_log.o [1]
    .text              ro code   0x800'0110   0xabc  main.o [1]
    .text              ro code   0x800'0bcc    0x60  stm32g0xx_ll_utils.o [1]
    .text              ro code   0x800'0c2c    0x14  memset.o [5]
    .text              ro code   0x800'0c40   0x138  stm32g0xx_ll_gpio.o [1]
    .text              ro code   0x800'0d78   0x4ec  stm32g0xx_ll_tim.o [1]
    .text              ro code   0x800'1264    0x8c  stm32g0xx_ll_spi.o [1]
    .text              ro code   0x800'12f0   0x184  stm32g0xx_ll_exti.o [1]
    .text              ro code   0x800'1474    0x28  printf.o [3]
    .text              ro code   0x800'149c    0x2e  stm32g0xx_hal.o [1]
    .text              ro code   0x800'14ca     0x2  startup_stm32g071xx.o [1]
    .text              ro code   0x800'14cc    0x26  FltCmpLe.o [4]
    .text              ro code   0x800'14f2    0xe0  I32DivModFast.o [5]
    .text              ro code   0x800'15d2     0x2  startup_stm32g071xx.o [1]
    .text              ro code   0x800'15d4    0x4e  ABImemset.o [5]
    .text              ro code   0x800'1622   0x172  xprintftiny.o [3]
    .text              ro code   0x800'1794    0x5c  stm32g0xx_hal.o [1]
    .text              ro code   0x800'17f0     0x2  IntDivZer.o [5]
    .text              ro code   0x800'17f2     0x2  startup_stm32g071xx.o [1]
    .text              ro code   0x800'17f4     0xe  strlen.o [5]
    .text              ro code   0x800'1802     0x2  startup_stm32g071xx.o [1]
    .text              ro code   0x800'1804    0xe0  stm32g0xx_hal_cortex.o [1]
    .text              ro code   0x800'18e4   0x16c  adc.o [1]
    .text              ro code   0x800'1a50    0x1c  iwdg.o [1]
    .text              ro code   0x800'1a6c    0x2c  timer.o [1]
    .text              ro code   0x800'1a98   0x2c4  trip.o [1]
    .text              ro code   0x800'1d5c    0x18  gpio.o [1]
    .text              ro code   0x800'1d74   0x7c8  usart.o [1]
    .text              ro code   0x800'253c   0x1b8  trip_log.o [1]
    .text              ro code   0x800'26f4   0x178  primary_switch.o [1]
    .text              ro code   0x800'286c   0x274  led.o [1]
    .text              ro code   0x800'2ae0    0xec  secondary_solenoid.o [1]
    .text              ro code   0x800'2bcc    0x4e  ABImemcpy.o [5]
    .text              ro code   0x800'2c1a     0x2  startup_stm32g071xx.o [1]
    .text              ro code   0x800'2c1c     0xc  open_fdbk.o [1]
    .text              ro code   0x800'2c28    0x22  I64Shl.o [5]
    .text              ro code   0x800'2c4a     0x2  startup_stm32g071xx.o [1]
    .text              ro code   0x800'2c4c    0xc8  flash.o [1]
    .text              ro code   0x800'2d14   0x8a4  stm32g0xx_it.o [1]
    .text              ro code   0x800'35b8    0x18  load_voltage.o [2]
    .text              ro code   0x800'35d0    0x64  task_manager.o [2]
    .text              ro code   0x800'3634    0x1c  gfci_hrgf.o [2]
    .text              ro code   0x800'3650     0xc  ptt.o [1]
    .text              ro code   0x800'365c    0x18  auto_monitor.o [1]
    .text              ro code   0x800'3674   0x3bc  dataAcq.o [1]
    .text              ro code   0x800'3a30   0x70c  acqTrigger.o [1]
    .text              ro code   0x800'413c    0x62  DblToFlt.o [4]
    .text              ro code   0x800'419e     0x2  startup_stm32g071xx.o [1]
    .text              ro code   0x800'41a0    0x32  FltToDbl.o [4]
    .text              ro code   0x800'41d2    0x32  DblCmpLe.o [4]
    .text              ro code   0x800'4204    0x20  FltCmpEq.o [4]
    .text              ro code   0x800'4224    0x24  DblCmpEq.o [4]
    .text              ro code   0x800'4248    0x10  startup_stm32g071xx.o [1]
    .text              ro code   0x800'4258   0x16c  continuous_cpu_check.o [1]
    .text              ro code   0x800'43c4    0x1e  cmain.o [5]
    .text              ro code   0x800'43e2     0x4  low_level_init.o [3]
    .text              ro code   0x800'43e6     0x2  startup_stm32g071xx.o [1]
    .text              ro code   0x800'43e8    0x28  data_init.o [5]
    .text              ro code   0x800'4410     0x8  exit.o [3]
    .text              ro code   0x800'4418     0xe  cexit.o [5]
    .text              ro code   0x800'4426     0x2  startup_stm32g071xx.o [1]
    .text              ro code   0x800'4428    0x38  xcloseall.o [3]
    .text              ro code   0x800'4460    0x14  exit.o [6]
    .text              ro code   0x800'4474    0x80  fclose.o [3]
    .text              ro code   0x800'44f4    0x10  write.o [6]
    .text              ro code   0x800'4504    0x7c  iarttio.o [6]
    .text              ro code   0x800'4580    0xa8  xfofind.o [3]
    .text              ro code   0x800'4628    0xb4  fflush.o [3]
    .text              ro code   0x800'46dc     0x8  heaptramp0.o [3]
    .text              ro code   0x800'46e4    0x18  close.o [6]
    .text              ro code   0x800'46fc    0x14  remove.o [6]
    .text              ro code   0x800'4710    0x1e  dwrite.o [6]
    .text              ro code   0x800'472e     0x2  startup_stm32g071xx.o [1]
    .text              ro code   0x800'4730     0x8  XShttio.o [3]
    .text              ro code   0x800'4738   0x140  heap0.o [3]
    .text              ro code   0x800'4878    0xc4  XShHandles.o [3]
    .text              ro code   0x800'493c    0x20  iarwstd.o [6]
    .text              ro code   0x800'495c    0x22  iarwrite.o [6]
    .text              ro code   0x800'497e     0x2  startup_stm32g071xx.o [1]
    .text              ro code   0x800'4980    0x2c  xgetmemchunk.o [3]
    .text              ro code   0x800'49ac    0x10  putchar.o [3]
    .text              ro code   0x800'49bc    0x54  fputc.o [3]
    .text              ro code   0x800'4a10    0xc0  xfwprep.o [3]
    .text              ro code   0x800'4ad0    0x24  fseek.o [3]
    .text              ro code   0x800'4af4    0xe0  xfspos.o [3]
    .text              ro code   0x800'4bd4     0xc  xfgpos.o [3]
    .text              ro code   0x800'4be0    0x4a  lseek.o [6]
    .text              ro code   0x800'4c2a     0x2  startup_stm32g071xx.o [1]
    .text              ro code   0x800'4c2c     0x0  cstart_closeall.o [5]
    .text              ro code   0x800'4c2c     0x2  startup_stm32g071xx.o [1]
    .text              ro code   0x800'4c2e     0x2  startup_stm32g071xx.o [1]
    .text              ro code   0x800'4c30     0x2  startup_stm32g071xx.o [1]
    .text              ro code   0x800'4c32     0x2  startup_stm32g071xx.o [1]
    .text              ro code   0x800'4c34     0x2  startup_stm32g071xx.o [1]
    .text              ro code   0x800'4c36     0x2  startup_stm32g071xx.o [1]
    .text              ro code   0x800'4c38     0x2  startup_stm32g071xx.o [1]
    .text              ro code   0x800'4c3a     0x2  startup_stm32g071xx.o [1]
    .text              ro code   0x800'4c3c     0x2  startup_stm32g071xx.o [1]
    .text              ro code   0x800'4c3e     0x2  startup_stm32g071xx.o [1]
    .text              ro code   0x800'4c40     0x2  startup_stm32g071xx.o [1]
    .text              ro code   0x800'4c42     0x2  startup_stm32g071xx.o [1]
    .text              ro code   0x800'4c44     0x2  startup_stm32g071xx.o [1]
    .text              ro code   0x800'4c46     0x2  startup_stm32g071xx.o [1]
    .text              ro code   0x800'4c48     0x2  startup_stm32g071xx.o [1]
    .text              ro code   0x800'4c4a     0xc  cstartup_M.o [5]
    .text              ro code   0x800'4c56    0x16  xprout.o [3]
    .text              ro code   0x800'4c6c    0x3c  zero_init3.o [5]
    .text              ro code   0x800'4ca8    0x7e  lz77_init_single.o [5]
    .iar.init_table    const     0x800'4d28    0x20  - Linker created -
    .rodata            const     0x800'4d48     0x0  zero_init3.o [5]
    .rodata            const     0x800'4d48     0x0  lz77_init_single.o [5]
    Initializer bytes  const     0x800'4d48    0xa2  <for P1-1>
    CHECKSUM                     0x800'4df0     0x4  <Block>
      .checksum        const     0x800'4df0     0x4  Place holder __build_checksum
    VERSION                      0x800'4e00     0x8  <Block>
      .version         const     0x800'4e00     0x8  Place holder __version
                               - 0x800'4e08  0x4d4c

"P1", part 1 of 3:                            0x1d9
  P1-1                          0x2000'0000   0x1d9  <Init block>
    .data              inited   0x2000'0000     0x4  system_stm32g0xx.o [1]
    .data              inited   0x2000'0004     0x4  stm32g0xx_it.o [1]
    .data              inited   0x2000'0008     0x4  stm32g0xx_it.o [1]
    .data              inited   0x2000'000c     0x4  stm32g0xx_it.o [1]
    .data              inited   0x2000'0010    0xb4  dataAcq.o [1]
    .data              inited   0x2000'00c4     0xc  dataAcq.o [1]
    .data              inited   0x2000'00d0     0x4  stm32g0xx_hal.o [1]
    .data              inited   0x2000'00d4     0x4  stm32g0xx_hal.o [1]
    .data              inited   0x2000'00d8    0x48  xfiles.o [3]
    .data              inited   0x2000'0120    0x48  xfiles.o [3]
    .data              inited   0x2000'0168    0x48  xfiles.o [3]
    .data              inited   0x2000'01b0    0x20  xfiles.o [3]
    .data              inited   0x2000'01d0     0x8  XShttio.o [3]
    .data              inited   0x2000'01d8     0x1  usart.o [1]
                              - 0x2000'01d9   0x1d9

"P1", part 2 of 3:                            0xeb0
  .bss                 zero     0x2000'01dc   0x898  dataAcq.o [1]
  .bss                 zero     0x2000'0a74   0x320  task_manager.o [2]
  .bss                 zero     0x2000'0d94    0x80  XShHandles.o [3]
  .bss                 zero     0x2000'0e14    0x60  usart.o [1]
  .bss                 zero     0x2000'0e74    0x50  xfiles.o [3]
  .bss                 zero     0x2000'0ec4    0x50  xfiles.o [3]
  .bss                 zero     0x2000'0f14    0x30  load_voltage.o [2]
  .bss                 zero     0x2000'0f44    0x28  adc.o [1]
  .bss                 zero     0x2000'0f6c    0x18  led.o [1]
  .bss                 zero     0x2000'0f84     0xc  secondary_solenoid.o [1]
  .bss                 zero     0x2000'0f90     0xc  stm32g0xx_it.o [1]
  .bss                 zero     0x2000'0f9c     0xc  stm32g0xx_it.o [1]
  .bss                 zero     0x2000'0fa8     0x8  open_fdbk.o [1]
  .bss                 zero     0x2000'0fb0     0x8  usart.o [1]
  .bss                 zero     0x2000'0fb8     0x8  primary_switch.o [1]
  .bss                 zero     0x2000'0fc0     0x8  heap0.o [3]
  .bss                 zero     0x2000'0fc8     0x4  main.o [1]
  .bss                 zero     0x2000'0fcc     0x4  main.o [1]
  .bss                 zero     0x2000'0fd0     0x4  usart.o [1]
  .bss                 zero     0x2000'0fd4     0x4  usart.o [1]
  .bss                 zero     0x2000'0fd8     0x4  primary_switch.o [1]
  .bss                 zero     0x2000'0fdc     0x4  stm32g0xx_it.o [1]
  .bss                 zero     0x2000'0fe0     0x4  stm32g0xx_it.o [1]
  .bss                 zero     0x2000'0fe4     0x4  stm32g0xx_it.o [1]
  .bss                 zero     0x2000'0fe8     0x4  stm32g0xx_it.o [1]
  .bss                 zero     0x2000'0fec     0x4  stm32g0xx_it.o [1]
  .bss                 zero     0x2000'0ff0     0x4  stm32g0xx_it.o [1]
  .bss                 zero     0x2000'0ff4     0x4  stm32g0xx_it.o [1]
  .bss                 zero     0x2000'0ff8     0x4  stm32g0xx_it.o [1]
  .bss                 zero     0x2000'0ffc     0x4  stm32g0xx_it.o [1]
  .bss                 zero     0x2000'1000     0x4  stm32g0xx_it.o [1]
  .bss                 zero     0x2000'1004     0x4  dataAcq.o [1]
  .bss                 zero     0x2000'1008     0x4  dataAcq.o [1]
  .bss                 zero     0x2000'100c     0x4  dataAcq.o [1]
  .bss                 zero     0x2000'1010     0x4  dataAcq.o [1]
  .bss                 zero     0x2000'1014     0x4  dataAcq.o [1]
  .bss                 zero     0x2000'1018     0x4  dataAcq.o [1]
  .bss                 zero     0x2000'101c     0x4  dataAcq.o [1]
  .bss                 zero     0x2000'1020     0x4  acqTrigger.o [1]
  .bss                 zero     0x2000'1024     0x4  acqTrigger.o [1]
  .bss                 zero     0x2000'1028     0x4  acqTrigger.o [1]
  .bss                 zero     0x2000'102c     0x4  acqTrigger.o [1]
  .bss                 zero     0x2000'1030     0x4  acqTrigger.o [1]
  .bss                 zero     0x2000'1034     0x4  acqTrigger.o [1]
  .bss                 zero     0x2000'1038     0x4  acqTrigger.o [1]
  .bss                 zero     0x2000'103c     0x4  acqTrigger.o [1]
  .bss                 zero     0x2000'1040     0x4  acqTrigger.o [1]
  .bss                 zero     0x2000'1044     0x4  acqTrigger.o [1]
  .bss                 zero     0x2000'1048     0x4  acqTrigger.o [1]
  .bss                 zero     0x2000'104c     0x4  acqTrigger.o [1]
  .bss                 zero     0x2000'1050     0x4  acqTrigger.o [1]
  .bss                 zero     0x2000'1054     0x4  task_manager.o [2]
  .bss                 zero     0x2000'1058     0x4  xgetmemchunk.o [3]
  .bss                 zero     0x2000'105c     0x2  adc.o [1]
  .bss                 zero     0x2000'105e     0x2  usart.o [1]
  .bss                 zero     0x2000'1060     0x2  usart.o [1]
  .bss                 zero     0x2000'1062     0x2  temperature_control.o [1]
  .bss                 zero     0x2000'1064     0x2  stm32g0xx_it.o [1]
  .bss                 zero     0x2000'1066     0x2  stm32g0xx_it.o [1]
  .bss                 zero     0x2000'1068     0x2  acqTrigger.o [1]
  .bss                 zero     0x2000'106a     0x2  acqTrigger.o [1]
  .bss                 zero     0x2000'106c     0x1  trip.o [1]
  .bss                 zero     0x2000'106d     0x1  led.o [1]
  .bss                 zero     0x2000'106e     0x1  led.o [1]
  .bss                 zero     0x2000'106f     0x1  led.o [1]
  .bss                 zero     0x2000'1070     0x1  led.o [1]
  .bss                 zero     0x2000'1071     0x1  led.o [1]
  .bss                 zero     0x2000'1072     0x1  led.o [1]
  .bss                 zero     0x2000'1073     0x1  usart.o [1]
  .bss                 zero     0x2000'1074     0x1  usart.o [1]
  .bss                 zero     0x2000'1075     0x1  usart.o [1]
  .bss                 zero     0x2000'1076     0x1  usart.o [1]
  .bss                 zero     0x2000'1077     0x1  usart.o [1]
  .bss                 zero     0x2000'1078     0x1  usart.o [1]
  .bss                 zero     0x2000'1079     0x1  primary_switch.o [1]
  .bss                 zero     0x2000'107a     0x1  stm32g0xx_it.o [1]
  .bss                 zero     0x2000'107b     0x1  stm32g0xx_it.o [1]
  .bss                 zero     0x2000'107c     0x1  stm32g0xx_it.o [1]
  .bss                 zero     0x2000'107d     0x1  stm32g0xx_it.o [1]
  .bss                 zero     0x2000'107e     0x1  stm32g0xx_it.o [1]
  .bss                 zero     0x2000'107f     0x1  stm32g0xx_it.o [1]
  .bss                 zero     0x2000'1080     0x1  stm32g0xx_it.o [1]
  .bss                 zero     0x2000'1081     0x1  stm32g0xx_it.o [1]
  .bss                 zero     0x2000'1082     0x1  stm32g0xx_it.o [1]
  .bss                 zero     0x2000'1083     0x1  ptt.o [1]
  .bss                 zero     0x2000'1084     0x1  auto_monitor.o [1]
  .bss                 zero     0x2000'1085     0x1  auto_monitor.o [1]
  .bss                 zero     0x2000'1086     0x1  dataAcq.o [1]
  .bss                 zero     0x2000'1087     0x1  dataAcq.o [1]
  .bss                 zero     0x2000'1088     0x1  dataAcq.o [1]
  .bss                 zero     0x2000'1089     0x1  dataAcq.o [1]
  .bss                 zero     0x2000'108a     0x1  acqTrigger.o [1]
  .bss                 zero     0x2000'108b     0x1  acqTrigger.o [1]
                              - 0x2000'108c   0xeb0

"P1", part 3 of 3:                            0x600
  CSTACK                        0x2000'1090   0x400  <Block>
    CSTACK             uninit   0x2000'1090   0x400  <Block tail>
  HEAP                          0x2000'1490   0x200  <Block>
    HEAP               uninit   0x2000'1490   0x200  <Block tail>
                              - 0x2000'1690   0x600

Unused ranges:

         From           To    Size
         ----           --    ----
  0x2000'01d9  0x2000'01db     0x3
  0x2000'108c  0x2000'108f     0x4
  0x2000'1690  0x2000'8fff  0x7970


*******************************************************************************
*** INIT TABLE
***

          Address      Size
          -------      ----
Zero (__iar_zero_init3)
    1 destination range, total size 0xeb0:
          0x2000'01dc  0xeb0

Copy/lz77 (__iar_lz77_init_single3)
    1 source range, total size 0xa2 (34% of destination):
           0x800'4d48   0xa2
    1 destination range, total size 0x1d9:
          0x2000'0000  0x1d9



*******************************************************************************
*** MODULE SUMMARY
***

    Module                         ro code  ro data  rw data
    ------                         -------  -------  -------
command line/config:
    Place holder __build_checksum                 4
    Place holder __version                        8
    --------------------------------------------------------
    Total:                                       12

C:\GN_Project_Test\build: [1]
    acqTrigger.o                     1'804                58
    adc.o                              364                42
    auto_monitor.o                      24                 2
    continuous_cpu_check.o             364
    dataAcq.o                          956       66    2'424
    flash.o                            200
    gpio.o                              24
    iwdg.o                              28
    led.o                              628                30
    main.o                           2'748       72        8
    micro_test.o                                  8
    open_fdbk.o                         12                 8
    primary_switch.o                   376                13
    ptt.o                               12                 1
    secondary_solenoid.o               236                12
    startup_stm32g071xx.o              258
    stm32g0xx_hal.o                    138        2        8
    stm32g0xx_hal_cortex.o             224
    stm32g0xx_it.o                   2'212        4       89
    stm32g0xx_ll_exti.o                388
    stm32g0xx_ll_gpio.o                312
    stm32g0xx_ll_spi.o                 140
    stm32g0xx_ll_tim.o               1'260
    stm32g0xx_ll_utils.o                96
    system_stm32g0xx.o                            1        4
    temperature_control.o                                  2
    timer.o                             44
    trip.o                             708                 1
    trip_log.o                         440        4
    usart.o                          1'992        1      123
    --------------------------------------------------------
    Total:                          15'988      158    2'825

breaker_core-1.1.1.a: [2]
    gfci_hrgf.o                         28
    load_voltage.o                      24                48
    task_manager.o                     100               804
    --------------------------------------------------------
    Total:                             152               852

dl6M_tlf.a: [3]
    XShHandles.o                       196               128
    XShttio.o                            8        3        8
    exit.o                               8
    fclose.o                           128
    fflush.o                           180
    fputc.o                             84
    fseek.o                             36
    heap0.o                            320                 8
    heaptramp0.o                         8
    low_level_init.o                     4
    printf.o                            40
    putchar.o                           16
    xcloseall.o                         56
    xfgpos.o                            12
    xfiles.o                                     85      408
    xfofind.o                          168
    xfspos.o                           224
    xfwprep.o                          192
    xgetmemchunk.o                      44                 4
    xprintftiny.o                      370
    xprout.o                            22
    --------------------------------------------------------
    Total:                           2'116       88      556

m6M_tl.a: [4]
    DblCmpEq.o                          36
    DblCmpLe.o                          50
    DblToFlt.o                          98
    FltCmpEq.o                          32
    FltCmpLe.o                          38
    FltToDbl.o                          50
    --------------------------------------------------------
    Total:                             304

rt6M_tl.a: [5]
    ABImemcpy.o                         78
    ABImemset.o                         78
    I32DivModFast.o                    224
    I64Shl.o                            34
    IntDivZer.o                          2
    cexit.o                             14
    cmain.o                             30
    cstart_closeall.o
    cstartup_M.o                        12
    data_init.o                         40
    lz77_init_single.o                 126
    memset.o                            20
    strlen.o                            14
    zero_init3.o                        60
    --------------------------------------------------------
    Total:                             732

shb_l.a: [6]
    close.o                             24
    dwrite.o                            30
    exit.o                              20
    iarttio.o                          124
    iarwrite.o                          34
    iarwstd.o                           32
    lseek.o                             74
    remove.o                            20
    write.o                             16
    --------------------------------------------------------
    Total:                             374

    Gaps                                          2
    Linker created                               32    1'536
------------------------------------------------------------
    Grand Total:                    19'666      292    5'769


*******************************************************************************
*** ENTRY LIST
***

Entry                       Address   Size  Type      Object
-----                       -------   ----  ----      ------
.iar.init_table$$Base    0x800'4d28          --   Gb  - Linker created -
.iar.init_table$$Limit   0x800'4d48          --   Gb  - Linker created -
?main                    0x800'43c5         Code  Gb  cmain.o [5]
ADE9039_Init             0x800'0ab1   0x3e  Code  Lc  main.o [1]
ADE9039_WriteReg         0x800'0a55   0x5c  Code  Lc  main.o [1]
AcqConfigureTrigger      0x800'3a83  0x10e  Code  Gb  acqTrigger.o [1]
AcqEvaluateTrigger       0x800'3bc9   0xfe  Code  Gb  acqTrigger.o [1]
AddingNewRecord          0x800'3a79    0xa  Code  Gb  acqTrigger.o [1]
Aldata                  0x2000'0fc0    0x8  Data  Lc  heap0.o [3]
AutoRearmTrigger         0x800'3a31   0x18  Code  Gb  acqTrigger.o [1]
BlinkingLEDStateMachine
                         0x800'29ef   0xce  Code  Gb  led.o [1]
BlinkingLEDStateMachine::led_status
                        0x2000'1072    0x1  Data  Lc  led.o [1]
CHECKSUM$$Base           0x800'4df0          --   Gb  - Linker created -
CHECKSUM$$Limit          0x800'4df4          --   Gb  - Linker created -
CRC8                     0x800'1db3   0x44  Code  Gb  usart.o [1]
CSTACK$$Base            0x2000'1090          --   Gb  - Linker created -
CSTACK$$Limit           0x2000'1490          --   Gb  - Linker created -
ConfigurePulseInput      0x800'0af5   0x4e  Code  Lc  main.o [1]
DeviceInfo              0x2000'0fd4    0x4  Data  Gb  usart.o [1]
DumpTrace                0x800'36c5  0x338  Code  Gb  dataAcq.o [1]
DumpTrace::bHasTrigged  0x2000'1089    0x1  Data  Lc  dataAcq.o [1]
DumpTrace::bOverflow    0x2000'1086    0x1  Data  Lc  dataAcq.o [1]
DumpTrace::bPreTrigBufOvf
                        0x2000'1088    0x1  Data  Lc  dataAcq.o [1]
DumpTrace::bStarted     0x2000'1087    0x1  Data  Lc  dataAcq.o [1]
DumpTrace::g_subSamplingCount
                        0x2000'1018    0x4  Data  Lc  dataAcq.o [1]
DumpTrace::nbRecords    0x2000'101c    0x4  Data  Lc  dataAcq.o [1]
DumpTrace::pWrite       0x2000'1014    0x4  Data  Lc  dataAcq.o [1]
EXTI4_15_IRQHandler      0x800'2eef   0xec  Code  Gb  stm32g0xx_it.o [1]
EXTI4_15_IRQHandler::jump_back_to_primary_zcd1_counter
                        0x2000'0ff8    0x4  Data  Lc  stm32g0xx_it.o [1]
EXTI4_15_IRQHandler::jump_back_to_primary_zcd1_flag
                        0x2000'1080    0x1  Data  Lc  stm32g0xx_it.o [1]
EXTI4_15_IRQHandler::jump_back_to_primary_zcd1_timeout
                        0x2000'0ffc    0x4  Data  Lc  stm32g0xx_it.o [1]
HAL_Init                 0x800'149d   0x28  Code  Gb  stm32g0xx_hal.o [1]
HAL_NVIC_SetPriority     0x800'18bf    0xa  Code  Gb  stm32g0xx_hal_cortex.o [1]
HAL_SYSTICK_Config       0x800'18c9    0x8  Code  Gb  stm32g0xx_hal_cortex.o [1]
HEAP$$Base              0x2000'1490          --   Gb  - Linker created -
HEAP$$Limit             0x2000'1690          --   Gb  - Linker created -
HardFault_Handler        0x800'2ee9    0x4  Code  Gb  stm32g0xx_it.o [1]
HostReadEvent            0x800'40dd   0x24  Code  Gb  acqTrigger.o [1]
IsBufferEmpty            0x800'3683   0x32  Code  Gb  dataAcq.o [1]
LL_ADC_ClearFlag_ADRDY   0x800'1949    0x6  Code  Lc  adc.o [1]
LL_ADC_Disable           0x800'18fb    0xe  Code  Lc  adc.o [1]
LL_ADC_Enable            0x800'18ed    0xe  Code  Lc  adc.o [1]
LL_ADC_IsActiveFlag_ADRDY
                         0x800'1933    0xa  Code  Lc  adc.o [1]
LL_ADC_IsActiveFlag_EOC
                         0x800'193d    0xc  Code  Lc  adc.o [1]
LL_ADC_IsEnabled         0x800'1909    0xa  Code  Lc  adc.o [1]
LL_ADC_REG_IsConversionOngoing
                         0x800'1921    0xc  Code  Lc  adc.o [1]
LL_ADC_REG_ReadConversionData12
                         0x800'192d    0x6  Code  Lc  adc.o [1]
LL_ADC_REG_SetSequencerChannels
                         0x800'18e5    0x8  Code  Lc  adc.o [1]
LL_ADC_REG_StartConversion
                         0x800'1913    0xe  Code  Lc  adc.o [1]
LL_APB1_GRP1_EnableClock
                         0x800'0259   0x16  Code  Lc  main.o [1]
LL_APB2_GRP1_EnableClock
                         0x800'026f   0x16  Code  Lc  main.o [1]
LL_EXTI_ClearFallingFlag_0_31
                         0x800'2d49    0x6  Code  Lc  stm32g0xx_it.o [1]
LL_EXTI_ClearRisingFlag_0_31
                         0x800'2d4f    0x6  Code  Lc  stm32g0xx_it.o [1]
LL_EXTI_DisableEvent_0_31
                         0x800'132d    0xa  Code  Lc  stm32g0xx_ll_exti.o [1]
LL_EXTI_DisableEvent_32_63
                         0x800'1337    0xa  Code  Lc  stm32g0xx_ll_exti.o [1]
LL_EXTI_DisableFallingTrig_0_31
                         0x800'135f    0xa  Code  Lc  stm32g0xx_ll_exti.o [1]
LL_EXTI_DisableIT_0_31   0x800'1305    0xa  Code  Lc  stm32g0xx_ll_exti.o [1]
LL_EXTI_DisableIT_32_63
                         0x800'130f    0xa  Code  Lc  stm32g0xx_ll_exti.o [1]
LL_EXTI_DisableRisingTrig_0_31
                         0x800'134b    0xa  Code  Lc  stm32g0xx_ll_exti.o [1]
LL_EXTI_EnableEvent_0_31
                         0x800'1319    0xa  Code  Lc  stm32g0xx_ll_exti.o [1]
LL_EXTI_EnableEvent_32_63
                         0x800'1323    0xa  Code  Lc  stm32g0xx_ll_exti.o [1]
LL_EXTI_EnableFallingTrig_0_31
                         0x800'1355    0xa  Code  Lc  stm32g0xx_ll_exti.o [1]
LL_EXTI_EnableIT_0_31    0x800'12f1    0xa  Code  Lc  stm32g0xx_ll_exti.o [1]
LL_EXTI_EnableIT_32_63   0x800'12fb    0xa  Code  Lc  stm32g0xx_ll_exti.o [1]
LL_EXTI_EnableRisingTrig_0_31
                         0x800'1341    0xa  Code  Lc  stm32g0xx_ll_exti.o [1]
LL_EXTI_GenerateSWI_0_31
                         0x800'2d2b    0xa  Code  Lc  stm32g0xx_it.o [1]
LL_EXTI_Init             0x800'1381   0xf4  Code  Gb  stm32g0xx_ll_exti.o [1]
LL_EXTI_IsActiveFallingFlag_0_31
                         0x800'2d35   0x14  Code  Lc  stm32g0xx_it.o [1]
LL_FLASH_GetLatency      0x800'02a9    0xa  Code  Lc  main.o [1]
LL_FLASH_SetLatency      0x800'029b    0xe  Code  Lc  main.o [1]
LL_GPIO_Init             0x800'0cf5   0x84  Code  Gb  stm32g0xx_ll_gpio.o [1]
LL_GPIO_ResetOutputPin   0x800'0539    0x4  Code  Lc  main.o [1]
LL_GPIO_ResetOutputPin   0x800'1d61    0x4  Code  Lc  gpio.o [1]
LL_GPIO_ResetOutputPin   0x800'2871    0x4  Code  Lc  led.o [1]
LL_GPIO_ResetOutputPin   0x800'1daf    0x4  Code  Lc  usart.o [1]
LL_GPIO_ResetOutputPin   0x800'2d81    0x4  Code  Lc  stm32g0xx_it.o [1]
LL_GPIO_SetAFPin_0_7     0x800'0ca1   0x24  Code  Lc  stm32g0xx_ll_gpio.o [1]
LL_GPIO_SetAFPin_8_15    0x800'0cc5   0x30  Code  Lc  stm32g0xx_ll_gpio.o [1]
LL_GPIO_SetOutputPin     0x800'0535    0x4  Code  Lc  main.o [1]
LL_GPIO_SetOutputPin     0x800'1d5d    0x4  Code  Lc  gpio.o [1]
LL_GPIO_SetOutputPin     0x800'286d    0x4  Code  Lc  led.o [1]
LL_GPIO_SetOutputPin     0x800'1dab    0x4  Code  Lc  usart.o [1]
LL_GPIO_SetOutputPin     0x800'2d7d    0x4  Code  Lc  stm32g0xx_it.o [1]
LL_GPIO_SetPinMode       0x800'0c41   0x1c  Code  Lc  stm32g0xx_ll_gpio.o [1]
LL_GPIO_SetPinOutputType
                         0x800'0c5d    0xc  Code  Lc  stm32g0xx_ll_gpio.o [1]
LL_GPIO_SetPinPull       0x800'0c85   0x1c  Code  Lc  stm32g0xx_ll_gpio.o [1]
LL_GPIO_SetPinSpeed      0x800'0c69   0x1c  Code  Lc  stm32g0xx_ll_gpio.o [1]
LL_IOP_GRP1_EnableClock
                         0x800'0285   0x16  Code  Lc  main.o [1]
LL_IOP_GRP1_EnableClock
                         0x800'2d15   0x16  Code  Lc  stm32g0xx_it.o [1]
LL_IWDG_ReloadCounter    0x800'1a51    0x6  Code  Lc  iwdg.o [1]
LL_Init1msTick           0x800'0be7    0xc  Code  Gb  stm32g0xx_ll_utils.o [1]
LL_InitTick              0x800'0bcd   0x1a  Code  Lc  stm32g0xx_ll_utils.o [1]
LL_RCC_GetSysClkSource   0x800'01dd    0xa  Code  Lc  main.o [1]
LL_RCC_HSI_Enable        0x800'01b3    0xe  Code  Lc  main.o [1]
LL_RCC_HSI_IsReady       0x800'01c1    0xe  Code  Lc  main.o [1]
LL_RCC_PLL_ConfigDomain_SYS
                         0x800'0231   0x1a  Code  Lc  main.o [1]
LL_RCC_PLL_Enable        0x800'0215    0xe  Code  Lc  main.o [1]
LL_RCC_PLL_EnableDomain_SYS
                         0x800'024b    0xe  Code  Lc  main.o [1]
LL_RCC_PLL_IsReady       0x800'0223    0xe  Code  Lc  main.o [1]
LL_RCC_SetAHBPrescaler   0x800'01e7    0xe  Code  Lc  main.o [1]
LL_RCC_SetAPB1Prescaler
                         0x800'01f5    0xe  Code  Lc  main.o [1]
LL_RCC_SetSysClkSource   0x800'01cf    0xe  Code  Lc  main.o [1]
LL_RCC_SetTIMClockSource
                         0x800'0203   0x12  Code  Lc  main.o [1]
LL_SPI_Enable            0x800'053d    0xa  Code  Lc  main.o [1]
LL_SPI_Init              0x800'1277   0x6e  Code  Gb  stm32g0xx_ll_spi.o [1]
LL_SPI_IsActiveFlag_BSY
                         0x800'055f    0xc  Code  Lc  main.o [1]
LL_SPI_IsActiveFlag_TXE
                         0x800'0553    0xc  Code  Lc  main.o [1]
LL_SPI_IsEnabled         0x800'1265    0xc  Code  Lc  stm32g0xx_ll_spi.o [1]
LL_SPI_SetCRCPolynomial
                         0x800'1271    0x6  Code  Lc  stm32g0xx_ll_spi.o [1]
LL_SPI_SetStandard       0x800'0547    0xc  Code  Lc  main.o [1]
LL_SPI_TransmitData8     0x800'056b    0x4  Code  Lc  main.o [1]
LL_SetSystemCoreClock    0x800'0c17    0x6  Code  Gb  stm32g0xx_ll_utils.o [1]
LL_TIM_BDTR_Init         0x800'0eb9   0x84  Code  Gb  stm32g0xx_ll_tim.o [1]
LL_TIM_CC_EnableChannel
                         0x800'02c7    0x8  Code  Lc  main.o [1]
LL_TIM_ClearFlag_UPDATE
                         0x800'2af3    0x8  Code  Lc  secondary_solenoid.o [1]
LL_TIM_ClearFlag_UPDATE
                         0x800'2d75    0x8  Code  Lc  stm32g0xx_it.o [1]
LL_TIM_DisableARRPreload
                         0x800'02bd    0xa  Code  Lc  main.o [1]
LL_TIM_DisableCounter    0x800'2ae1    0xa  Code  Lc  secondary_solenoid.o [1]
LL_TIM_DisableCounter    0x800'2d5f    0xa  Code  Lc  stm32g0xx_it.o [1]
LL_TIM_DisableDMAReq_TRIG
                         0x800'051f    0xa  Code  Lc  main.o [1]
LL_TIM_DisableIT_TRIG    0x800'0515    0xa  Code  Lc  main.o [1]
LL_TIM_DisableMasterSlaveMode
                         0x800'0501    0xa  Code  Lc  main.o [1]
LL_TIM_EnableCounter     0x800'02b3    0xa  Code  Lc  main.o [1]
LL_TIM_EnableCounter     0x800'2d55    0xa  Code  Lc  stm32g0xx_it.o [1]
LL_TIM_EnableIT_UPDATE   0x800'050b    0xa  Code  Lc  main.o [1]
LL_TIM_GenerateEvent_UPDATE
                         0x800'0d9f    0xa  Code  Lc  stm32g0xx_ll_tim.o [1]
LL_TIM_GetCounter        0x800'2d6d    0x4  Code  Lc  stm32g0xx_it.o [1]
LL_TIM_IC_SetFilter      0x800'03bd   0x7e  Code  Lc  main.o [1]
LL_TIM_IC_SetPolarity    0x800'044d   0x70  Code  Lc  main.o [1]
LL_TIM_Init              0x800'0da9   0x92  Code  Gb  stm32g0xx_ll_tim.o [1]
LL_TIM_OC_DisableFast    0x800'02cf   0x72  Code  Lc  main.o [1]
LL_TIM_OC_EnablePreload
                         0x800'0341   0x72  Code  Lc  main.o [1]
LL_TIM_OC_Init           0x800'0e41   0x64  Code  Gb  stm32g0xx_ll_tim.o [1]
LL_TIM_OC_SetCompareCH1
                         0x800'0d85    0x4  Code  Lc  stm32g0xx_ll_tim.o [1]
LL_TIM_OC_SetCompareCH2
                         0x800'0d89    0x4  Code  Lc  stm32g0xx_ll_tim.o [1]
LL_TIM_OC_SetCompareCH3
                         0x800'0d8d    0x4  Code  Lc  stm32g0xx_ll_tim.o [1]
LL_TIM_OC_SetCompareCH4
                         0x800'0d91    0x4  Code  Lc  stm32g0xx_ll_tim.o [1]
LL_TIM_OC_SetCompareCH5
                         0x800'0d95    0x6  Code  Lc  stm32g0xx_ll_tim.o [1]
LL_TIM_OC_SetCompareCH6
                         0x800'0d9b    0x4  Code  Lc  stm32g0xx_ll_tim.o [1]
LL_TIM_SetAutoReload     0x800'2aef    0x4  Code  Lc  secondary_solenoid.o [1]
LL_TIM_SetAutoReload     0x800'0d7d    0x4  Code  Lc  stm32g0xx_ll_tim.o [1]
LL_TIM_SetAutoReload     0x800'2d71    0x4  Code  Lc  stm32g0xx_it.o [1]
LL_TIM_SetClockSource    0x800'04c1    0xc  Code  Lc  main.o [1]
LL_TIM_SetCounter        0x800'2aeb    0x4  Code  Lc  secondary_solenoid.o [1]
LL_TIM_SetCounter        0x800'2d69    0x4  Code  Lc  stm32g0xx_it.o [1]
LL_TIM_SetPrescaler      0x800'0d79    0x4  Code  Lc  stm32g0xx_ll_tim.o [1]
LL_TIM_SetRepetitionCounter
                         0x800'0d81    0x4  Code  Lc  stm32g0xx_ll_tim.o [1]
LL_TIM_SetTriggerInput   0x800'04e9    0xc  Code  Lc  main.o [1]
LL_TIM_SetTriggerOutput
                         0x800'04d1    0xc  Code  Lc  main.o [1]
LL_TIM_SetTriggerOutput2
                         0x800'04dd    0xc  Code  Lc  main.o [1]
LL_USART_ClearFlag_ORE   0x800'1d99    0x6  Code  Lc  usart.o [1]
LL_USART_IsActiveFlag_ORE
                         0x800'1d75    0xc  Code  Lc  usart.o [1]
LL_USART_IsActiveFlag_RXNE_RXFNE
                         0x800'1d81    0xc  Code  Lc  usart.o [1]
LL_USART_IsActiveFlag_TXE_TXFNF
                         0x800'1d8d    0xc  Code  Lc  usart.o [1]
LL_USART_ReceiveData8    0x800'1d9f    0x6  Code  Lc  usart.o [1]
LL_USART_TransmitData8   0x800'1da5    0x6  Code  Lc  usart.o [1]
LL_mDelay                0x800'0bf3   0x24  Code  Gb  stm32g0xx_ll_utils.o [1]
MX_GPIO_Init             0x800'05f1   0x74  Code  Lc  main.o [1]
MX_SPI1_Init             0x800'09d1   0x7c  Code  Lc  main.o [1]
MX_TIM14_Init            0x800'0711   0x9e  Code  Lc  main.o [1]
MX_TIM1_Init             0x800'07c5  0x128  Code  Lc  main.o [1]
MX_TIM2_Init             0x800'08f9   0xaa  Code  Lc  main.o [1]
MX_TIM3_Init             0x800'0665   0xa8  Code  Lc  main.o [1]
NMI_Handler              0x800'2ea3   0x46  Code  Gb  stm32g0xx_it.o [1]
OC1Config                0x800'0f45   0x7e  Code  Lc  stm32g0xx_ll_tim.o [1]
OC2Config                0x800'0fc3   0x86  Code  Lc  stm32g0xx_ll_tim.o [1]
OC3Config                0x800'1049   0x82  Code  Lc  stm32g0xx_ll_tim.o [1]
OC4Config                0x800'10cd   0x66  Code  Lc  stm32g0xx_ll_tim.o [1]
OC5Config                0x800'1151   0x5e  Code  Lc  stm32g0xx_ll_tim.o [1]
OC6Config                0x800'11c5   0x62  Code  Lc  stm32g0xx_ll_tim.o [1]
OFFSET_TAB_CCMRx         0x800'00d4    0xc  Data  Lc  main.o [1]
Region$$Table$$Base      0x800'4d28          --   Gb  - Linker created -
Region$$Table$$Limit     0x800'4d48          --   Gb  - Linker created -
SHIFT_TAB_CCxP           0x800'00f8    0xc  Data  Lc  main.o [1]
SHIFT_TAB_ICxx           0x800'00ec    0xc  Data  Lc  main.o [1]
SHIFT_TAB_OCxx           0x800'00e0    0xc  Data  Lc  main.o [1]
STL_RunTimeCPUTest       0x800'4259         Code  Gb  continuous_cpu_check.o [1]
SetTriggerOverflow       0x800'3a49   0x30  Code  Gb  acqTrigger.o [1]
SysTick_Config           0x800'188f   0x30  Code  Lc  stm32g0xx_hal_cortex.o [1]
SysTick_Handler          0x800'2eed    0x2  Code  Gb  stm32g0xx_it.o [1]
SystemClock_Config       0x800'0583   0x64  Code  Lc  main.o [1]
SystemCoreClock         0x2000'0000    0x4  Data  Gb  system_stm32g0xx.o [1]
TIM14_IRQHandler         0x800'2fed   0x78  Code  Gb  stm32g0xx_it.o [1]
TIM15_IRQHandler         0x800'353d   0x42  Code  Gb  stm32g0xx_it.o [1]
TIM16_IRQHandler         0x800'3211   0x9a  Code  Gb  stm32g0xx_it.o [1]
TIM17_IRQHandler         0x800'34f5   0x44  Code  Gb  stm32g0xx_it.o [1]
TIM7_LPTIM2_IRQHandler   0x800'2b81   0x38  Code  Gb  secondary_solenoid.o [1]
VERSION$$Base            0x800'4e00          --   Gb  - Linker created -
VERSION$$Limit           0x800'4e08          --   Gb  - Linker created -
_Close_all               0x800'4429   0x38  Code  Gb  xcloseall.o [3]
_Files                  0x2000'01b0   0x20  Data  Gb  xfiles.o [3]
_Fofree                  0x800'4581   0xa0  Code  Gb  xfofind.o [3]
_Fspos                   0x800'4af5   0xe0  Code  Gb  xfspos.o [3]
_Fwprep                  0x800'4a11   0xc0  Code  Gb  xfwprep.o [3]
_Nnl                     0x800'4bd5    0xc  Code  Gb  xfgpos.o [3]
_PrintfTiny              0x800'163d  0x158  Code  Gb  xprintftiny.o [3]
_Prout                   0x800'4c57   0x16  Code  Gb  xprout.o [3]
__ICFEDIT_region_RAM_end__ {Abs}
                        0x2000'8fff         Data  Gb  <internal module>
__ICFEDIT_region_RAM_start__ {Abs}
                        0x2000'0000         Data  Gb  <internal module>
__NVIC_EnableIRQ         0x800'0111   0x18  Code  Lc  main.o [1]
__NVIC_SetPriority       0x800'0129   0x8a  Code  Lc  main.o [1]
__NVIC_SetPriority       0x800'1805   0x8a  Code  Lc  stm32g0xx_hal_cortex.o [1]
__NVIC_SystemReset       0x800'1a99   0x14  Code  Lc  trip.o [1]
__aeabi_cdcmpeq          0x800'4225         Code  Gb  DblCmpEq.o [4]
__aeabi_cdcmple          0x800'41d3         Code  Gb  DblCmpLe.o [4]
__aeabi_cfcmpeq          0x800'4205         Code  Gb  FltCmpEq.o [4]
__aeabi_cfcmple          0x800'14cd         Code  Gb  FltCmpLe.o [4]
__aeabi_d2f              0x800'413d         Code  Gb  DblToFlt.o [4]
__aeabi_f2d              0x800'41a1         Code  Gb  FltToDbl.o [4]
__aeabi_idiv             0x800'151f         Code  Gb  I32DivModFast.o [5]
__aeabi_idiv0            0x800'17f1         Code  Gb  IntDivZer.o [5]
__aeabi_idivmod          0x800'151f         Code  Gb  I32DivModFast.o [5]
__aeabi_llsl             0x800'2c29         Code  Gb  I64Shl.o [5]
__aeabi_memcpy           0x800'2c01         Code  Gb  ABImemcpy.o [5]
__aeabi_memcpy4          0x800'2bcd         Code  Gb  ABImemcpy.o [5]
__aeabi_memcpy8          0x800'2bcd         Code  Gb  ABImemcpy.o [5]
__aeabi_memset           0x800'15d5         Code  Gb  ABImemset.o [5]
__aeabi_uidiv            0x800'1525         Code  Gb  I32DivModFast.o [5]
__aeabi_uidivmod         0x800'1525         Code  Gb  I32DivModFast.o [5]
__basic_free             0x800'47e7   0x16  Code  Gb  heap0.o [3]
__basic_free_intern      0x800'47fd   0x76  Code  Lc  heap0.o [3]
__basic_malloc           0x800'4739   0x18  Code  Gb  heap0.o [3]
__basic_malloc_intern    0x800'4751   0x96  Code  Lc  heap0.o [3]
__build_checksum         0x800'4df0    0x4  Data  Gb  Place holder __build_checksum
__cexit_closeall         0x800'441b         Code  Gb  cexit.o [5]
__close                  0x800'46e5   0x18  Code  Gb  close.o [6]
__cmain                  0x800'43c5         Code  Gb  cmain.o [5]
__cstart_closeall        0x800'4c2c         Data  Gb  cstart_closeall.o [5]
__data_GetMemChunk       0x800'4981   0x2c  Code  Gb  xgetmemchunk.o [3]
__data_GetMemChunk::start
                        0x2000'1058    0x4  Data  Lc  xgetmemchunk.o [3]
__dwrite                 0x800'4711   0x1e  Code  Gb  dwrite.o [6]
__exit                   0x800'4461   0x14  Code  Gb  exit.o [6]
__iar_Memcpy             0x800'2c0d         Code  Gb  ABImemcpy.o [5]
__iar_Memset4_word       0x800'15f5         Code  Gb  ABImemset.o [5]
__iar_Memset_word        0x800'15e1         Code  Gb  ABImemset.o [5]
__iar_Stderr            0x2000'0168   0x48  Data  Gb  xfiles.o [3]
__iar_Stdin             0x2000'00d8   0x48  Data  Gb  xfiles.o [3]
__iar_Stdout            0x2000'0120   0x48  Data  Gb  xfiles.o [3]
__iar_close_ttio         0x800'4505   0x2c  Code  Gb  iarttio.o [6]
__iar_data_init3         0x800'43e9   0x28  Code  Gb  data_init.o [5]
__iar_get_ttio           0x800'4531   0x4c  Code  Gb  iarttio.o [6]
__iar_lookup_ttioh       0x800'4731    0x8  Code  Gb  XShttio.o [3]
__iar_lz77_init_single3
                         0x800'4ca9   0x7e  Code  Gb  lz77_init_single.o [5]
__iar_program_start      0x800'4c4b         Code  Gb  cstartup_M.o [5]
__iar_sh_Discard         0x800'4879   0x3e  Code  Gb  XShHandles.o [3]
__iar_sh_Move            0x800'48b7   0x44  Code  Gb  XShHandles.o [3]
__iar_sh_Pos             0x800'48fb   0x3c  Code  Gb  XShHandles.o [3]
__iar_sh_stdout          0x800'493d   0x20  Code  Gb  iarwstd.o [6]
__iar_sh_write           0x800'495d   0x22  Code  Gb  iarwrite.o [6]
__iar_ttio_handles      0x2000'01d0    0x8  Data  Lc  XShttio.o [3]
__iar_zero_init3         0x800'4c6d   0x3c  Code  Gb  zero_init3.o [5]
__low_level_init         0x800'43e3    0x4  Code  Gb  low_level_init.o [3]
__lseek                  0x800'4be1   0x4a  Code  Gb  lseek.o [6]
__vector_table           0x800'0000         Data  Gb  startup_stm32g071xx.o [1]
__version                0x800'4e00    0x8  Data  Gb  Place holder __version
__write                  0x800'44f5   0x10  Code  Gb  write.o [6]
_call_main               0x800'43d1         Code  Gb  cmain.o [5]
_exit                    0x800'4419         Code  Gb  cexit.o [5]
_main                    0x800'43df         Code  Gb  cmain.o [5]
a_m2m_message_is_queued
                         0x800'2399   0x18  Code  Gb  usart.o [1]
adc_channel_data        0x2000'0f44   0x28  Data  Gb  adc.o [1]
adc_get_channel_data     0x800'1a0f   0x10  Code  Gb  adc.o [1]
adc_get_num_channels     0x800'1a31   0x20  Code  Gb  adc.o [1]
adc_read_sequence        0x800'194f   0xc0  Code  Gb  adc.o [1]
adc_timeout_timer       0x2000'105c    0x2  Data  Gb  adc.o [1]
auto_monitor_get_state   0x800'365d    0x6  Code  Gb  auto_monitor.o [1]
auto_monitor_get_trip_test_flag
                         0x800'3663    0x6  Code  Gb  auto_monitor.o [1]
auto_monitor_state      0x2000'1085    0x1  Data  Gb  auto_monitor.o [1]
auto_monitor_trip_test_flag
                        0x2000'1084    0x1  Data  Gb  auto_monitor.o [1]
bAutoRearmAfterOVF      0x2000'1050    0x4  Data  Lc  acqTrigger.o [1]
code_block$$Base         0x800'00bc          --   Gb  - Linker created -
code_block$$Limit        0x800'4e08          --   Gb  - Linker created -
delayed_failed_to_trip_reset_for_m2m_queue
                         0x800'1c3b   0x3a  Code  Gb  trip.o [1]
delayed_reset_for_m2m_queue
                         0x800'1c75   0xa4  Code  Gb  trip.o [1]
determine_input_scenario
                         0x800'32f9  0x1ec  Code  Gb  stm32g0xx_it.o [1]
determine_input_scenario::consistent_scenario_counter
                        0x2000'1082    0x1  Data  Lc  stm32g0xx_it.o [1]
determine_input_scenario::max_cycle_voltage
                        0x2000'0f9c    0xc  Data  Lc  stm32g0xx_it.o [1]
determine_input_scenario::peak_int_location
                        0x2000'1000    0x4  Data  Lc  stm32g0xx_it.o [1]
determine_input_scenario::potential_input_voltage_scenario
                        0x2000'1081    0x1  Data  Lc  stm32g0xx_it.o [1]
ebuf                    0x2000'0e74   0x50  Data  Lc  xfiles.o [3]
empty_led_rate_received_flag
                        0x2000'1074    0x1  Data  Gb  usart.o [1]
evaluateEnd              0x800'401d   0xba  Code  Gb  acqTrigger.o [1]
exit                     0x800'4411    0x8  Code  Gb  exit.o [3]
fclose                   0x800'4475   0x80  Code  Gb  fclose.o [3]
fflush                   0x800'469d   0x38  Code  Gb  fflush.o [3]
fflushOne                0x800'4629   0x74  Code  Lc  fflush.o [3]
flash_lock               0x800'2c6f   0x1c  Code  Gb  flash.o [1]
flash_unlock             0x800'2c4d   0x22  Code  Gb  flash.o [1]
flash_write64            0x800'2c8b   0x72  Code  Gb  flash.o [1]
fputc                    0x800'49bd   0x54  Code  Gb  fputc.o [3]
free                     0x800'46dd    0x8  Code  Gb  heaptramp0.o [3]
frequency               0x2000'0fc8    0x4  Data  Lc  main.o [1]
fseek                    0x800'4ad1   0x24  Code  Gb  fseek.o [3]
g_binternalIgnoreTrig   0x2000'1030    0x4  Data  Lc  acqTrigger.o [1]
g_dataTraceBuffer       0x2000'01dc  0x898  Data  Lc  dataAcq.o [1]
g_internalTrigMode      0x2000'1028    0x4  Data  Lc  acqTrigger.o [1]
g_internalTrigState     0x2000'1024    0x4  Data  Lc  acqTrigger.o [1]
g_internalType          0x2000'102c    0x4  Data  Lc  acqTrigger.o [1]
g_lastReadPointer       0x2000'1008    0x4  Data  Lc  dataAcq.o [1]
g_nbRecords             0x2000'1048    0x4  Data  Lc  acqTrigger.o [1]
g_overflow              0x2000'104c    0x4  Data  Lc  acqTrigger.o [1]
g_pTriggerConf          0x2000'1020    0x4  Data  Lc  acqTrigger.o [1]
g_readFunc              0x2000'00c4    0xc  Data  Gb  dataAcq.o [1]
g_recordSize            0x2000'1004    0x4  Data  Lc  dataAcq.o [1]
g_stopAfterRecords      0x2000'1044    0x4  Data  Lc  acqTrigger.o [1]
g_threshold_double      0x2000'1040    0x4  Data  Lc  acqTrigger.o [1]
g_threshold_float       0x2000'103c    0x4  Data  Lc  acqTrigger.o [1]
g_threshold_s16         0x2000'106a    0x2  Data  Lc  acqTrigger.o [1]
g_threshold_s32         0x2000'1038    0x4  Data  Lc  acqTrigger.o [1]
g_threshold_s8          0x2000'108b    0x1  Data  Lc  acqTrigger.o [1]
g_threshold_u16         0x2000'1068    0x2  Data  Lc  acqTrigger.o [1]
g_threshold_u32         0x2000'1034    0x4  Data  Lc  acqTrigger.o [1]
g_threshold_u8          0x2000'108a    0x1  Data  Lc  acqTrigger.o [1]
g_timestamp             0x2000'100c    0x4  Data  Lc  dataAcq.o [1]
g_timestampOverflow     0x2000'1010    0x4  Data  Lc  dataAcq.o [1]
g_traceHeader           0x2000'0010   0xb4  Data  Lc  dataAcq.o [1]
getFrequency             0x800'056f    0x6  Code  Gb  main.o [1]
getNewFrequencyAvailable
                         0x800'0575    0x6  Code  Gb  main.o [1]
get_path_status          0x800'2c1d    0x6  Code  Gb  open_fdbk.o [1]
get_primary_switch_debounced_state
                         0x800'277f    0x6  Code  Gb  primary_switch.o [1]
get_primary_switch_direct_debounced_status
                         0x800'26f5   0x8a  Code  Gb  primary_switch.o [1]
gf_bias                 0x2000'0fec    0x4  Data  Gb  stm32g0xx_it.o [1]
gf_bias_in_range_flag   0x2000'107c    0x1  Data  Gb  stm32g0xx_it.o [1]
gf_data                 0x2000'0fe4    0x4  Data  Gb  stm32g0xx_it.o [1]
gf_polarity_positive    0x2000'107e    0x1  Data  Gb  stm32g0xx_it.o [1]
gfci_check_for_hrgf      0x800'3635   0x1c  Code  Gb  gfci_hrgf.o [2]
gn_data                 0x2000'0fe8    0x4  Data  Gb  stm32g0xx_it.o [1]
gpio_reset_output_pin    0x800'1d6d    0x8  Code  Gb  gpio.o [1]
gpio_set_output_pin      0x800'1d65    0x8  Code  Gb  gpio.o [1]
half_cycle_period_count
                        0x2000'0fdc    0x4  Data  Gb  stm32g0xx_it.o [1]
hall_data_adc           0x2000'0fd8    0x4  Data  Gb  primary_switch.o [1]
hrgf_running_fault_counter
                        0x2000'0ff0    0x4  Data  Gb  stm32g0xx_it.o [1]
input_voltage_scenario  0x2000'107d    0x1  Data  Gb  stm32g0xx_it.o [1]
interrupt_cnt           0x2000'1066    0x2  Data  Gb  stm32g0xx_it.o [1]
io_man_collect_data      0x800'30a5  0x166  Code  Gb  stm32g0xx_it.o [1]
io_man_collect_data::gf_bias_current_half_cycle
                        0x2000'000c    0x4  Data  Lc  stm32g0xx_it.o [1]
io_man_collect_data::gf_bias_previous_half_cycle
                        0x2000'0008    0x4  Data  Lc  stm32g0xx_it.o [1]
iwdg_kick_watchdog       0x800'1a57    0xa  Code  Gb  iwdg.o [1]
key                     0x2000'1070    0x1  Data  Gb  led.o [1]
led_get_key_status       0x800'29c9    0x6  Code  Gb  led.o [1]
led_idenfify_me_on_going_flag
                        0x2000'106e    0x1  Data  Gb  led.o [1]
led_idenfify_me_request_flag
                        0x2000'106d    0x1  Data  Gb  led.o [1]
led_identify_me_blink_mode
                        0x2000'106f    0x1  Data  Gb  led.o [1]
led_request              0x800'2975   0x4e  Code  Gb  led.o [1]
led_request::request_index
                        0x2000'1071    0x1  Data  Lc  led.o [1]
led_request_list        0x2000'0f6c   0x18  Data  Gb  led.o [1]
led_reset_key_status     0x800'29e7    0x8  Code  Gb  led.o [1]
led_set_key_status       0x800'29cf   0x18  Code  Gb  led.o [1]
led_turn_off             0x800'2957   0x1e  Code  Gb  led.o [1]
led_turn_on              0x800'2875   0xe2  Code  Gb  led.o [1]
load_voltage_check_for_overvoltage_condition::overvoltage_counter
                        0x2000'0f18    0x2  Data  Lc  load_voltage.o [2]
load_voltage_get_primary_polarity
                         0x800'35b9    0x6  Code  Gb  load_voltage.o [2]
load_voltage_initialized
                        0x2000'0f16    0x1  Data  Gb  load_voltage.o [2]
load_voltage_p          0x2000'0f1c    0xc  Data  Gb  load_voltage.o [2]
load_voltage_peak       0x2000'0f28    0xc  Data  Gb  load_voltage.o [2]
load_voltage_process_new_input::max_cycle_voltage
                        0x2000'0f38    0xc  Data  Lc  load_voltage.o [2]
load_voltage_set_primary_polarity
                         0x800'35bf    0x6  Code  Gb  load_voltage.o [2]
load_voltage_set_primary_pole
                         0x800'35c5    0x6  Code  Gb  load_voltage.o [2]
m2m_queue               0x2000'0e14   0x60  Data  Gb  usart.o [1]
main                     0x800'0b43   0x6a  Code  Gb  main.o [1]
main_load_voltage       0x2000'0f90    0xc  Data  Gb  stm32g0xx_it.o [1]
manageTrigEvent          0x800'3b91   0x26  Code  Lc  acqTrigger.o [1]
measured_frequency      0x2000'0fe0    0x4  Data  Gb  stm32g0xx_it.o [1]
memset                   0x800'0c2d   0x14  Code  Gb  memset.o [5]
msg_counter             0x2000'1073    0x1  Data  Gb  usart.o [1]
newFrequencyAvailable   0x2000'0fcc    0x4  Data  Lc  main.o [1]
num_tasks               0x2000'1056    0x2  Data  Gb  task_manager.o [2]
number_of_poles         0x2000'0f34    0x4  Data  Gb  load_voltage.o [2]
obuf                    0x2000'0ec4   0x50  Data  Lc  xfiles.o [3]
out                      0x800'1623   0x1a  Code  Lc  xprintftiny.o [3]
path                    0x2000'0fa8    0x8  Data  Lc  open_fdbk.o [1]
pm2m_uart_comm          0x2000'0fd0    0x4  Data  Gb  usart.o [1]
prepare_uart_command     0x800'2085   0x36  Code  Gb  usart.o [1]
previous_half_cycle_interrupt_cnt
                        0x2000'1064    0x2  Data  Gb  stm32g0xx_it.o [1]
previous_half_cycle_period_count
                        0x2000'0004    0x4  Data  Gb  stm32g0xx_it.o [1]
primary_load_polarity   0x2000'0f14    0x1  Data  Gb  load_voltage.o [2]
primary_pole            0x2000'0f15    0x1  Data  Gb  load_voltage.o [2]
primary_switch          0x2000'0fb8    0x8  Data  Gb  primary_switch.o [1]
primary_switch_debouncing
                         0x800'27e7   0x62  Code  Gb  primary_switch.o [1]
primary_switch_get_state_from_level
                         0x800'2785   0x62  Code  Gb  primary_switch.o [1]
primary_switch_open_flag
                        0x2000'106c    0x1  Data  Gb  trip.o [1]
primary_zcd             0x2000'107b    0x1  Data  Gb  stm32g0xx_it.o [1]
printf                   0x800'1475   0x28  Code  Gb  printf.o [3]
process_cmd_from_communication_mcu
                         0x800'1ec7   0x58  Code  Gb  usart.o [1]
process_identify_me      0x800'1f1f   0x18  Code  Gb  usart.o [1]
process_led_blink_rate   0x800'1f63   0x38  Code  Gb  usart.o [1]
process_open_close       0x800'1df7   0x2a  Code  Gb  usart.o [1]
process_startup_config   0x800'1f37   0x2c  Code  Gb  usart.o [1]
process_uart_ack         0x800'1e25   0x4c  Code  Gb  usart.o [1]
process_uart_packet      0x800'1f9d   0xe8  Code  Gb  usart.o [1]
process_wifi_status      0x800'1e21    0x4  Code  Gb  usart.o [1]
ps_instant_state        0x2000'1079    0x1  Data  Lc  primary_switch.o [1]
putchar                  0x800'49ad   0x10  Code  Gb  putchar.o [3]
queue_uart_message       0x800'227d   0x76  Code  Gb  usart.o [1]
raw_sol_adc_value       0x2000'0ff4    0x4  Data  Gb  stm32g0xx_it.o [1]
readVar16bits            0x800'3679    0x6  Code  Gb  dataAcq.o [1]
readVar32bits            0x800'367f    0x4  Code  Gb  dataAcq.o [1]
readVar8bits             0x800'3675    0x4  Code  Gb  dataAcq.o [1]
read_from_communication_mcu
                         0x800'23bd   0x60  Code  Gb  usart.o [1]
read_uart_user_command   0x800'20d9  0x15c  Code  Gb  usart.o [1]
read_uart_user_command::uart_tx_rx_count
                        0x2000'105e    0x2  Data  Lc  usart.o [1]
read_uart_user_command{10}{11}::last_msg_num
                        0x2000'01d8    0x1  Data  Lc  usart.o [1]
remove                   0x800'46fd   0x14  Code  Gb  remove.o [6]
request_close_secondary_solenoid
                         0x800'2b21   0x20  Code  Gb  secondary_solenoid.o [1]
request_open_secondary_solenoid
                         0x800'2b01   0x20  Code  Gb  secondary_solenoid.o [1]
request_toggle_secondary_solenoid
                         0x800'2b41   0x3c  Code  Gb  secondary_solenoid.o [1]
resetNewFrequencyAvailable
                         0x800'057b    0x8  Code  Gb  main.o [1]
rgb_led_blink           0x2000'0fb0    0x8  Data  Gb  usart.o [1]
sFileInfo               0x2000'0d94   0x80  Data  Lc  XShHandles.o [3]
secondary_solenoid      0x2000'0f84    0xc  Data  Gb  secondary_solenoid.o [1]
secondary_solenoid_get_status
                         0x800'2afb    0x6  Code  Gb  secondary_solenoid.o [1]
self_test_get_user_initiated_test_state
                         0x800'3651    0x6  Code  Gb  ptt.o [1]
send_queued_uart_message
                         0x800'22f9   0x9a  Code  Gb  usart.o [1]
send_to_communication_mcu
                         0x800'223d   0x3c  Code  Gb  usart.o [1]
send_uart_ack            0x800'1e71   0x56  Code  Gb  usart.o [1]
set_primary_zero_crossing
                         0x800'2d85   0x5a  Code  Gb  stm32g0xx_it.o [1]
software_ZCD_interrupt_flag
                        0x2000'107a    0x1  Data  Gb  stm32g0xx_it.o [1]
startTIM14               0x800'09a3    0xc  Code  Lc  main.o [1]
startTIM2                0x800'09af    0xe  Code  Lc  main.o [1]
startTIM3                0x800'09bd    0xc  Code  Lc  main.o [1]
startup_conf            0x2000'1075    0x1  Data  Gb  usart.o [1]
strlen                   0x800'17f5         Code  Gb  strlen.o [5]
task_list               0x2000'0a74  0x320  Data  Gb  task_manager.o [2]
task_man_initialized    0x2000'1054    0x1  Data  Gb  task_manager.o [2]
task_man_run_task_loop   0x800'35d1   0x2e  Code  Gb  task_manager.o [2]
task_man_run_zcd_loop    0x800'35ff   0x2c  Code  Gb  task_manager.o [2]
temperature_c_trending  0x2000'1062    0x2  Data  Gb  temperature_control.o [1]
timer_delay              0x800'1a6d   0x22  Code  Gb  timer.o [1]
trip                     0x800'1aad  0x18e  Code  Gb  trip.o [1]
trip_class_1_flag       0x2000'107f    0x1  Data  Gb  stm32g0xx_it.o [1]
trip_log_check_latest_three_codes
                         0x800'265f   0x7a  Code  Gb  trip_log.o [1]
trip_log_get_next_available_location
                         0x800'2625   0x3a  Code  Gb  trip_log.o [1]
trip_log_write_tripcode
                         0x800'253d   0xe0  Code  Gb  trip_log.o [1]
u32_55                   0x800'0108    0x4  Data  Gb  micro_test.o [1]
u32_aa                   0x800'0104    0x4  Data  Gb  micro_test.o [1]
update_breaker_status    0x800'241d   0x78  Code  Gb  usart.o [1]
update_breaker_status::call_timer
                        0x2000'1060    0x2  Data  Lc  usart.o [1]
update_breaker_status::last_open_feedback_state
                        0x2000'1078    0x1  Data  Lc  usart.o [1]
update_breaker_status::last_primary_state
                        0x2000'1076    0x1  Data  Lc  usart.o [1]
update_breaker_status::last_secondary_state
                        0x2000'1077    0x1  Data  Lc  usart.o [1]
update_protection_fw_version_to_communication
                         0x800'24a1   0x7c  Code  Gb  usart.o [1]
user_initiated_self_test_state
                        0x2000'1083    0x1  Data  Gb  ptt.o [1]
uwTickFreq              0x2000'00d4    0x4  Data  Gb  stm32g0xx_hal.o [1]
uwTickPrio              0x2000'00d0    0x4  Data  Gb  stm32g0xx_hal.o [1]
valAboveThreshold        0x800'3cf5   0xfc  Code  Gb  acqTrigger.o [1]
valBelowThreshold        0x800'3e01  0x100  Code  Gb  acqTrigger.o [1]
valEqualsThreshold       0x800'3f19   0xfc  Code  Gb  acqTrigger.o [1]
zero_crossing_callback   0x800'2ddf   0xc4  Code  Gb  stm32g0xx_it.o [1]


[1] = C:\GN_Project_Test\build
[2] = breaker_core-1.1.1.a
[3] = dl6M_tlf.a
[4] = m6M_tl.a
[5] = rt6M_tl.a
[6] = shb_l.a
[7] = utilities-0.0.1.a

  19'666 bytes of readonly  code memory
     292 bytes of readonly  data memory
   5'769 bytes of readwrite data memory

Errors: none
Warnings: none
