../Drivers/CMSIS/Include/core_cm0plus.h:741:22:__NVIC_EnableIRQ	2
../Drivers/CMSIS/Include/core_cm0plus.h:850:22:__NVIC_SetPriority	2
../Drivers/STM32G0xx_HAL_Driver/Inc/stm32g0xx_ll_rcc.h:1347:22:LL_RCC_HSI_Enable	1
../Drivers/STM32G0xx_HAL_Driver/Inc/stm32g0xx_ll_rcc.h:1367:26:LL_RCC_HSI_IsReady	2
../Drivers/STM32G0xx_HAL_Driver/Inc/stm32g0xx_ll_rcc.h:1688:22:LL_RCC_SetSysClkSource	1
../Drivers/STM32G0xx_HAL_Driver/Inc/stm32g0xx_ll_rcc.h:1703:26:LL_RCC_GetSysClkSource	1
../Drivers/STM32G0xx_HAL_Driver/Inc/stm32g0xx_ll_rcc.h:1723:22:LL_RCC_SetAHBPrescaler	1
../Drivers/STM32G0xx_HAL_Driver/Inc/stm32g0xx_ll_rcc.h:1739:22:LL_RCC_SetAPB1Prescaler	1
../Drivers/STM32G0xx_HAL_Driver/Inc/stm32g0xx_ll_bus.h:467:22:LL_APB1_GRP1_EnableClock	1
../Drivers/STM32G0xx_HAL_Driver/Inc/stm32g0xx_ll_bus.h:921:22:LL_APB2_GRP1_EnableClock	1
../Drivers/STM32G0xx_HAL_Driver/Inc/stm32g0xx_ll_bus.h:1135:22:LL_IOP_GRP1_EnableClock	1
../Drivers/STM32G0xx_HAL_Driver/Inc/stm32g0xx_ll_spi.h:358:22:LL_SPI_Enable	1
../Drivers/STM32G0xx_HAL_Driver/Inc/stm32g0xx_ll_spi.h:426:22:LL_SPI_SetStandard	1
../Drivers/STM32G0xx_HAL_Driver/Inc/stm32g0xx_ll_spi.h:905:26:LL_SPI_IsActiveFlag_RXNE	2
../Drivers/STM32G0xx_HAL_Driver/Inc/stm32g0xx_ll_spi.h:916:26:LL_SPI_IsActiveFlag_TXE	2
../Drivers/STM32G0xx_HAL_Driver/Inc/stm32g0xx_ll_spi.h:967:26:LL_SPI_IsActiveFlag_BSY	2
../Drivers/STM32G0xx_HAL_Driver/Inc/stm32g0xx_ll_spi.h:1333:25:LL_SPI_ReceiveData8	1
../Drivers/STM32G0xx_HAL_Driver/Inc/stm32g0xx_ll_spi.h:1356:22:LL_SPI_TransmitData8	1
../Drivers/STM32G0xx_HAL_Driver/Inc/stm32g0xx_ll_gpio.h:857:22:LL_GPIO_SetOutputPin	1
../Drivers/STM32G0xx_HAL_Driver/Inc/stm32g0xx_ll_gpio.h:886:22:LL_GPIO_ResetOutputPin	1
../Core/Src/main.c:45:5:main	1
../Core/Src/main.c:85:13:ADE9039_Init	1
../Core/Src/main.c:112:13:ConfigurePulseInput	1
../Core/Src/main.c:137:13:ADE9039_WriteReg	4
../Core/Src/main.c:156:10:ADE9039_ReadReg	6
../Core/Src/main.c:191:6:SystemClock_Config	3
../Core/Src/main.c:221:13:MX_SPI1_Init	1
../Core/Src/main.c:326:13:MX_GPIO_Init	1
../Core/Src/main.c:345:6:Error_Handler	1
